Archive member included to satisfy reference by file (symbol)

C:/ST/STM32CubeIDE_1.16.0/STM32CubeIDE/plugins/com.st.stm32cube.ide.mcu.externaltools.gnu-tools-for-stm32.12.3.rel1.win32_1.0.200.202406191623/tools/bin/../lib/gcc/arm-none-eabi/12.3.1/../../../../arm-none-eabi/lib/thumb/v7e-m+fp/hard\librdimon_nano.a(arm_librdimon_a-syscalls.o)
                              C:/ST/STM32CubeIDE_1.16.0/STM32CubeIDE/plugins/com.st.stm32cube.ide.mcu.externaltools.gnu-tools-for-stm32.12.3.rel1.win32_1.0.200.202406191623/tools/bin/../lib/gcc/arm-none-eabi/12.3.1/../../../../arm-none-eabi/lib/thumb/v7e-m+fp/hard/rdimon-crt0.o (__heap_limit)
C:/ST/STM32CubeIDE_1.16.0/STM32CubeIDE/plugins/com.st.stm32cube.ide.mcu.externaltools.gnu-tools-for-stm32.12.3.rel1.win32_1.0.200.202406191623/tools/bin/../lib/gcc/arm-none-eabi/12.3.1/../../../../arm-none-eabi/lib/thumb/v7e-m+fp/hard\libc_nano.a(libc_a-exit.o)
                              C:/ST/STM32CubeIDE_1.16.0/STM32CubeIDE/plugins/com.st.stm32cube.ide.mcu.externaltools.gnu-tools-for-stm32.12.3.rel1.win32_1.0.200.202406191623/tools/bin/../lib/gcc/arm-none-eabi/12.3.1/../../../../arm-none-eabi/lib/thumb/v7e-m+fp/hard/rdimon-crt0.o (exit)
C:/ST/STM32CubeIDE_1.16.0/STM32CubeIDE/plugins/com.st.stm32cube.ide.mcu.externaltools.gnu-tools-for-stm32.12.3.rel1.win32_1.0.200.202406191623/tools/bin/../lib/gcc/arm-none-eabi/12.3.1/../../../../arm-none-eabi/lib/thumb/v7e-m+fp/hard\libc_nano.a(libc_a-itoa.o)
                              ./Core/Src/Tetris_Driver.o (itoa)
C:/ST/STM32CubeIDE_1.16.0/STM32CubeIDE/plugins/com.st.stm32cube.ide.mcu.externaltools.gnu-tools-for-stm32.12.3.rel1.win32_1.0.200.202406191623/tools/bin/../lib/gcc/arm-none-eabi/12.3.1/../../../../arm-none-eabi/lib/thumb/v7e-m+fp/hard\libc_nano.a(libc_a-utoa.o)
                              C:/ST/STM32CubeIDE_1.16.0/STM32CubeIDE/plugins/com.st.stm32cube.ide.mcu.externaltools.gnu-tools-for-stm32.12.3.rel1.win32_1.0.200.202406191623/tools/bin/../lib/gcc/arm-none-eabi/12.3.1/../../../../arm-none-eabi/lib/thumb/v7e-m+fp/hard\libc_nano.a(libc_a-itoa.o) (__utoa)
C:/ST/STM32CubeIDE_1.16.0/STM32CubeIDE/plugins/com.st.stm32cube.ide.mcu.externaltools.gnu-tools-for-stm32.12.3.rel1.win32_1.0.200.202406191623/tools/bin/../lib/gcc/arm-none-eabi/12.3.1/../../../../arm-none-eabi/lib/thumb/v7e-m+fp/hard\libc_nano.a(libc_a-findfp.o)
                              C:/ST/STM32CubeIDE_1.16.0/STM32CubeIDE/plugins/com.st.stm32cube.ide.mcu.externaltools.gnu-tools-for-stm32.12.3.rel1.win32_1.0.200.202406191623/tools/bin/../lib/gcc/arm-none-eabi/12.3.1/../../../../arm-none-eabi/lib/thumb/v7e-m+fp/hard\libc_nano.a(libc_a-exit.o) (__stdio_exit_handler)
C:/ST/STM32CubeIDE_1.16.0/STM32CubeIDE/plugins/com.st.stm32cube.ide.mcu.externaltools.gnu-tools-for-stm32.12.3.rel1.win32_1.0.200.202406191623/tools/bin/../lib/gcc/arm-none-eabi/12.3.1/../../../../arm-none-eabi/lib/thumb/v7e-m+fp/hard\libc_nano.a(libc_a-fwalk.o)
                              C:/ST/STM32CubeIDE_1.16.0/STM32CubeIDE/plugins/com.st.stm32cube.ide.mcu.externaltools.gnu-tools-for-stm32.12.3.rel1.win32_1.0.200.202406191623/tools/bin/../lib/gcc/arm-none-eabi/12.3.1/../../../../arm-none-eabi/lib/thumb/v7e-m+fp/hard\libc_nano.a(libc_a-findfp.o) (_fwalk_sglue)
C:/ST/STM32CubeIDE_1.16.0/STM32CubeIDE/plugins/com.st.stm32cube.ide.mcu.externaltools.gnu-tools-for-stm32.12.3.rel1.win32_1.0.200.202406191623/tools/bin/../lib/gcc/arm-none-eabi/12.3.1/../../../../arm-none-eabi/lib/thumb/v7e-m+fp/hard\libc_nano.a(libc_a-printf.o)
                              ./Core/Src/ApplicationCode.o (printf)
C:/ST/STM32CubeIDE_1.16.0/STM32CubeIDE/plugins/com.st.stm32cube.ide.mcu.externaltools.gnu-tools-for-stm32.12.3.rel1.win32_1.0.200.202406191623/tools/bin/../lib/gcc/arm-none-eabi/12.3.1/../../../../arm-none-eabi/lib/thumb/v7e-m+fp/hard\libc_nano.a(libc_a-puts.o)
                              ./Core/Src/ApplicationCode.o (puts)
C:/ST/STM32CubeIDE_1.16.0/STM32CubeIDE/plugins/com.st.stm32cube.ide.mcu.externaltools.gnu-tools-for-stm32.12.3.rel1.win32_1.0.200.202406191623/tools/bin/../lib/gcc/arm-none-eabi/12.3.1/../../../../arm-none-eabi/lib/thumb/v7e-m+fp/hard\libc_nano.a(libc_a-stdio.o)
                              C:/ST/STM32CubeIDE_1.16.0/STM32CubeIDE/plugins/com.st.stm32cube.ide.mcu.externaltools.gnu-tools-for-stm32.12.3.rel1.win32_1.0.200.202406191623/tools/bin/../lib/gcc/arm-none-eabi/12.3.1/../../../../arm-none-eabi/lib/thumb/v7e-m+fp/hard\libc_nano.a(libc_a-findfp.o) (__sread)
C:/ST/STM32CubeIDE_1.16.0/STM32CubeIDE/plugins/com.st.stm32cube.ide.mcu.externaltools.gnu-tools-for-stm32.12.3.rel1.win32_1.0.200.202406191623/tools/bin/../lib/gcc/arm-none-eabi/12.3.1/../../../../arm-none-eabi/lib/thumb/v7e-m+fp/hard\libc_nano.a(libc_a-wbuf.o)
[...]
Memory Configuration

Name             Origin             Length             Attributes
CCMRAM           0x10000000         0x00010000         xrw
RAM              0x20000000         0x00030000         xrw
FLASH            0x08000000         0x00200000         xr
*default*        0x00000000         0xffffffff

Linker script and memory map

LOAD C:/ST/STM32CubeIDE_1.16.0/STM32CubeIDE/plugins/com.st.stm32cube.ide.mcu.externaltools.gnu-tools-for-stm32.12.3.rel1.win32_1.0.200.202406191623/tools/bin/../lib/gcc/arm-none-eabi/12.3.1/thumb/v7e-m+fp/hard/crti.o
LOAD C:/ST/STM32CubeIDE_1.16.0/STM32CubeIDE/plugins/com.st.stm32cube.ide.mcu.externaltools.gnu-tools-for-stm32.12.3.rel1.win32_1.0.200.202406191623/tools/bin/../lib/gcc/arm-none-eabi/12.3.1/thumb/v7e-m+fp/hard/crtbegin.o
LOAD C:/ST/STM32CubeIDE_1.16.0/STM32CubeIDE/plugins/com.st.stm32cube.ide.mcu.externaltools.gnu-tools-for-stm32.12.3.rel1.win32_1.0.200.202406191623/tools/bin/../lib/gcc/arm-none-eabi/12.3.1/../../../../arm-none-eabi/lib/thumb/v7e-m+fp/hard/rdimon-crt0.o
LOAD ./Core/Src/ApplicationCode.o
LOAD ./Core/Src/Button_Driver.o
LOAD ./Core/Src/ErrorHandling.o
LOAD ./Core/Src/GyroControl.o
LOAD ./Core/Src/InterruptControl.o
LOAD ./Core/Src/LCD_Driver.o
LOAD ./Core/Src/LED_Driver.o
LOAD ./Core/Src/RNG_Handler.o
LOAD ./Core/Src/Scheduler.o
LOAD ./Core/Src/Tetris_Driver.o
LOAD ./Core/Src/fonts.o
LOAD ./Core/Src/ili9341.o
LOAD ./Core/Src/main.o
LOAD ./Core/Src/stm32f4xx_hal_msp.o
LOAD ./Core/Src/stm32f4xx_it.o
LOAD ./Core/Src/stmpe811.o
LOAD ./Core/Src/sysmem.o
LOAD ./Core/Src/system_stm32f4xx.o
LOAD ./Core/Startup/startup_stm32f429zitx.o
LOAD ./Drivers/STM32F4xx_HAL_Driver/Src/stm32f4xx_hal.o
LOAD ./Drivers/STM32F4xx_HAL_Driver/Src/stm32f4xx_hal_cortex.o
LOAD ./Drivers/STM32F4xx_HAL_Driver/Src/stm32f4xx_hal_dma.o
LOAD ./Drivers/STM32F4xx_HAL_Driver/Src/stm32f4xx_hal_dma_ex.o
LOAD ./Drivers/STM32F4xx_HAL_Driver/Src/stm32f4xx_hal_dsi.o
LOAD ./Drivers/STM32F4xx_HAL_Driver/Src/stm32f4xx_hal_exti.o
LOAD ./Drivers/STM32F4xx_HAL_Driver/Src/stm32f4xx_hal_flash.o
LOAD ./Drivers/STM32F4xx_HAL_Driver/Src/stm32f4xx_hal_flash_ex.o
LOAD ./Drivers/STM32F4xx_HAL_Driver/Src/stm32f4xx_hal_flash_ramfunc.o
LOAD ./Drivers/STM32F4xx_HAL_Driver/Src/stm32f4xx_hal_gpio.o
LOAD ./Drivers/STM32F4xx_HAL_Driver/Src/stm32f4xx_hal_i2c.o
LOAD ./Drivers/STM32F4xx_HAL_Driver/Src/stm32f4xx_hal_i2c_ex.o
LOAD ./Drivers/STM32F4xx_HAL_Driver/Src/stm32f4xx_hal_ltdc.o
LOAD ./Drivers/STM32F4xx_HAL_Driver/Src/stm32f4xx_hal_ltdc_ex.o
LOAD ./Drivers/STM32F4xx_HAL_Driver/Src/stm32f4xx_hal_pwr.o
LOAD ./Drivers/STM32F4xx_HAL_Driver/Src/stm32f4xx_hal_pwr_ex.o
LOAD ./Drivers/STM32F4xx_HAL_Driver/Src/stm32f4xx_hal_rcc.o
LOAD ./Drivers/STM32F4xx_HAL_Driver/Src/stm32f4xx_hal_rcc_ex.o
LOAD ./Drivers/STM32F4xx_HAL_Driver/Src/stm32f4xx_hal_rng.o
LOAD ./Drivers/STM32F4xx_HAL_Driver/Src/stm32f4xx_hal_spi.o
LOAD ./Drivers/STM32F4xx_HAL_Driver/Src/stm32f4xx_hal_tim.o
LOAD ./Drivers/STM32F4xx_HAL_Driver/Src/stm32f4xx_hal_tim_ex.o
LOAD C:/ST/STM32CubeIDE_1.16.0/STM32CubeIDE/plugins/com.st.stm32cube.ide.mcu.externaltools.gnu-tools-for-stm32.12.3.rel1.win32_1.0.200.202406191623/tools/bin/../lib/gcc/arm-none-eabi/12.3.1/../../../../arm-none-eabi/lib/thumb/v7e-m+fp/hard\librdimon_nano.a
START GROUP
LOAD C:/ST/STM32CubeIDE_1.16.0/STM32CubeIDE/plugins/com.st.stm32cube.ide.mcu.externaltools.gnu-tools-for-stm32.12.3.rel1.win32_1.0.200.202406191623/tools/bin/../lib/gcc/arm-none-eabi/12.3.1/../../../../arm-none-eabi/lib/thumb/v7e-m+fp/hard\libc_nano.a
LOAD C:/ST/STM32CubeIDE_1.16.0/STM32CubeIDE/plugins/com.st.stm32cube.ide.mcu.externaltools.gnu-tools-for-stm32.12.3.rel1.win32_1.0.200.202406191623/tools/bin/../lib/gcc/arm-none-eabi/12.3.1/../../../../arm-none-eabi/lib/thumb/v7e-m+fp/hard\libm.a
END GROUP
START GROUP
LOAD C:/ST/STM32CubeIDE_1.16.0/STM32CubeIDE/plugins/com.st.stm32cube.ide.mcu.externaltools.gnu-tools-for-stm32.12.3.rel1.win32_1.0.200.202406191623/tools/bin/../lib/gcc/arm-none-eabi/12.3.1/thumb/v7e-m+fp/hard\libgcc.a
LOAD C:/ST/STM32CubeIDE_1.16.0/STM32CubeIDE/plugins/com.st.stm32cube.ide.mcu.externaltools.gnu-tools-for-stm32.12.3.rel1.win32_1.0.200.202406191623/tools/bin/../lib/gcc/arm-none-eabi/12.3.1/../../../../arm-none-eabi/lib/thumb/v7e-m+fp/hard\libc_nano.a
END GROUP
START GROUP
LOAD C:/ST/STM32CubeIDE_1.16.0/STM32CubeIDE/plugins/com.st.stm32cube.ide.mcu.externaltools.gnu-tools-for-stm32.12.3.rel1.win32_1.0.200.202406191623/tools/bin/../lib/gcc/arm-none-eabi/12.3.1/thumb/v7e-m+fp/hard\libgcc.a
LOAD C:/ST/STM32CubeIDE_1.16.0/STM32CubeIDE/plugins/com.st.stm32cube.ide.mcu.externaltools.gnu-tools-for-stm32.12.3.rel1.win32_1.0.200.202406191623/tools/bin/../lib/gcc/arm-none-eabi/12.3.1/../../../../arm-none-eabi/lib/thumb/v7e-m+fp/hard\libc_nano.a
LOAD C:/ST/STM32CubeIDE_1.16.0/STM32CubeIDE/plugins/com.st.stm32cube.ide.mcu.externaltools.gnu-tools-for-stm32.12.3.rel1.win32_1.0.200.202406191623/tools/bin/../lib/gcc/arm-none-eabi/12.3.1/../../../../arm-none-eabi/lib/thumb/v7e-m+fp/hard\libnosys.a
END GROUP
START GROUP
LOAD C:/ST/STM32CubeIDE_1.16.0/STM32CubeIDE/plugins/com.st.stm32cube.ide.mcu.externaltools.gnu-tools-for-stm32.12.3.rel1.win32_1.0.200.202406191623/tools/bin/../lib/gcc/arm-none-eabi/12.3.1/thumb/v7e-m+fp/hard\libgcc.a
LOAD C:/ST/STM32CubeIDE_1.16.0/STM32CubeIDE/plugins/com.st.stm32cube.ide.mcu.externaltools.gnu-tools-for-stm32.12.3.rel1.win32_1.0.200.202406191623/tools/bin/../lib/gcc/arm-none-eabi/12.3.1/../../../../arm-none-eabi/lib/thumb/v7e-m+fp/hard\libc_nano.a
LOAD C:/ST/STM32CubeIDE_1.16.0/STM32CubeIDE/plugins/com.st.stm32cube.ide.mcu.externaltools.gnu-tools-for-stm32.12.3.rel1.win32_1.0.200.202406191623/tools/bin/../lib/gcc/arm-none-eabi/12.3.1/../../../../arm-none-eabi/lib/thumb/v7e-m+fp/hard\librdimon_nano.a
END GROUP
START GROUP
LOAD C:/ST/STM32CubeIDE_1.16.0/STM32CubeIDE/plugins/com.st.stm32cube.ide.mcu.externaltools.gnu-tools-for-stm32.12.3.rel1.win32_1.0.200.202406191623/tools/bin/../lib/gcc/arm-none-eabi/12.3.1/thumb/v7e-m+fp/hard\libgcc.a
LOAD C:/ST/STM32CubeIDE_1.16.0/STM32CubeIDE/plugins/com.st.stm32cube.ide.mcu.externaltools.gnu-tools-for-stm32.12.3.rel1.win32_1.0.200.202406191623/tools/bin/../lib/gcc/arm-none-eabi/12.3.1/../../../../arm-none-eabi/lib/thumb/v7e-m+fp/hard\libc_nano.a
LOAD C:/ST/STM32CubeIDE_1.16.0/STM32CubeIDE/plugins/com.st.stm32cube.ide.mcu.externaltools.gnu-tools-for-stm32.12.3.rel1.win32_1.0.200.202406191623/tools/bin/../lib/gcc/arm-none-eabi/12.3.1/../../../../arm-none-eabi/lib/thumb/v7e-m+fp/hard\librdimon_nano.a
LOAD C:/ST/STM32CubeIDE_1.16.0/STM32CubeIDE/plugins/com.st.stm32cube.ide.mcu.externaltools.gnu-tools-for-stm32.12.3.rel1.win32_1.0.200.202406191623/tools/bin/../lib/gcc/arm-none-eabi/12.3.1/../../../../arm-none-eabi/lib/thumb/v7e-m+fp/hard\libnosys.a
END GROUP
LOAD C:/ST/STM32CubeIDE_1.16.0/STM32CubeIDE/plugins/com.st.stm32cube.ide.mcu.externaltools.gnu-tools-for-stm32.12.3.rel1.win32_1.0.200.202406191623/tools/bin/../lib/gcc/arm-none-eabi/12.3.1/thumb/v7e-m+fp/hard/crtend.o
LOAD C:/ST/STM32CubeIDE_1.16.0/STM32CubeIDE/plugins/com.st.stm32cube.ide.mcu.externaltools.gnu-tools-for-stm32.12.3.rel1.win32_1.0.200.202406191623/tools/bin/../lib/gcc/arm-none-eabi/12.3.1/thumb/v7e-m+fp/hard/crtn.o
                0x20030000                        _estack = (ORIGIN (RAM) + LENGTH (RAM))
                0x00000200                        _Min_Heap_Size = 0x200
                0x00000400                        _Min_Stack_Size = 0x400

.isr_vector     0x08000000      0x1ac
                0x08000000                        . = ALIGN (0x4)
 *(.isr_vector)
 .isr_vector    0x08000000      0x1ac ./Core/Startup/startup_stm32f429zitx.o
                0x08000000                g_pfnVectors
                0x080001ac                        . = ALIGN (0x4)

.text           0x080001ac     0x668c
                0x080001ac                        . = ALIGN (0x4)
 *(.text)
 .text          0x080001ac       0x40 C:/ST/STM32CubeIDE_1.16.0/STM32CubeIDE/plugins/com.st.stm32cube.ide.mcu.externaltools.gnu-tools-for-stm32.12.3.rel1.win32_1.0.200.202406191623/tools/bin/../lib/gcc/arm-none-eabi/12.3.1/thumb/v7e-m+fp/hard/crtbegin.o
 .text          0x080001ec       0x10 C:/ST/STM32CubeIDE_1.16.0/STM32CubeIDE/plugins/com.st.stm32cube.ide.mcu.externaltools.gnu-tools-for-stm32.12.3.rel1.win32_1.0.200.202406191623/tools/bin/../lib/gcc/arm-none-eabi/12.3.1/../../../../arm-none-eabi/lib/thumb/v7e-m+fp/hard\libc_nano.a(libc_a-strlen.o)
                0x080001ec                strlen
 .text          0x080001fc       0x30 C:/ST/STM32CubeIDE_1.16.0/STM32CubeIDE/plugins/com.st.stm32cube.ide.mcu.externaltools.gnu-tools-for-stm32.12.3.rel1.win32_1.0.200.202406191623/tools/bin/../lib/gcc/arm-none-eabi/12.3.1/thumb/v7e-m+fp/hard\libgcc.a(_aeabi_uldivmod.o)
                0x080001fc                __aeabi_uldivmod
 .text          0x0800022c      0x2bc C:/ST/STM32CubeIDE_1.16.0/STM32CubeIDE/plugins/com.st.stm32cube.ide.mcu.externaltools.gnu-tools-for-stm32.12.3.rel1.win32_1.0.200.202406191623/tools/bin/../lib/gcc/arm-none-eabi/12.3.1/thumb/v7e-m+fp/hard\libgcc.a(_udivmoddi4.o)
                0x0800022c                __udivmoddi4
 .text          0x080004e8        0x4 C:/ST/STM32CubeIDE_1.16.0/STM32CubeIDE/plugins/com.st.stm32cube.ide.mcu.externaltools.gnu-tools-for-stm32.12.3.rel1.win32_1.0.200.202406191623/tools/bin/../lib/gcc/arm-none-eabi/12.3.1/thumb/v7e-m+fp/hard\libgcc.a(_dvmd_tls.o)
                0x080004e8                __aeabi_idiv0
                0x080004e8                __aeabi_ldiv0
 *(.text*)
 .text.__NVIC_EnableIRQ
                0x080004ec       0x3c ./Core/Src/ApplicationCode.o
 .text.__NVIC_DisableIRQ
                0x08000528       0x48 ./Core/Src/ApplicationCode.o
 .text.buttonInterruptInit
                0x08000570        0xc ./Core/Src/ApplicationCode.o
                0x08000570                buttonInterruptInit
 .text.EXTI0_IRQHandler
                0x0800057c       0x24 ./Core/Src/ApplicationCode.o
                0x0800057c                EXTI0_IRQHandler
 .text.ApplicationInit
                0x080005a0       0x38 ./Core/Src/ApplicationCode.o
                0x080005a0                ApplicationInit
 .text.LCD_Main_Menu
                0x080005d8        0xc ./Core/Src/ApplicationCode.o
                0x080005d8                LCD_Main_Menu
 .text.initializeRNG
                0x080005e4        0xc ./Core/Src/ApplicationCode.o
                0x080005e4                initializeRNG
 .text.__NVIC_EnableIRQ
                0x080005f0       0x3c ./Core/Src/Button_Driver.o
 .text.ButtonInterrupt
                0x0800062c       0x7c ./Core/Src/Button_Driver.o
                0x0800062c                ButtonInterrupt
 .text.LCD_GPIO_Init
                0x080006a8      0x190 ./Core/Src/LCD_Driver.o
                0x080006a8                LCD_GPIO_Init
 .text.LTCD_Layer_Init
                0x08000838       0x80 ./Core/Src/LCD_Driver.o
                0x08000838                LTCD_Layer_Init
 .text.LTCD__Init
                0x080008b8       0xbc ./Core/Src/LCD_Driver.o
                0x080008b8                LTCD__Init
 .text.LCD_Draw_Pixel
                0x08000974       0x3c ./Core/Src/LCD_Driver.o
                0x08000974                LCD_Draw_Pixel
 .text.LCD_Draw_Square_Fill
                0x080009b0       0x5c ./Core/Src/LCD_Driver.o
                0x080009b0                LCD_Draw_Square_Fill
 .text.LCD_Draw_Vertical_Line
                0x08000a0c       0x4e ./Core/Src/LCD_Driver.o
                0x08000a0c                LCD_Draw_Vertical_Line
 .text.LCD_Draw_Horizontal_Line
                0x08000a5a       0x4e ./Core/Src/LCD_Driver.o
                0x08000a5a                LCD_Draw_Horizontal_Line
 .text.LCD_Clear
                0x08000aa8       0x44 ./Core/Src/LCD_Driver.o
                0x08000aa8                LCD_Clear
 .text.LCD_SetTextColor
                0x08000aec       0x20 ./Core/Src/LCD_Driver.o
                0x08000aec                LCD_SetTextColor
 .text.LCD_SetFont
                0x08000b0c       0x20 ./Core/Src/LCD_Driver.o
                0x08000b0c                LCD_SetFont
 .text.LCD_Draw_Char
                0x08000b2c       0xdc ./Core/Src/LCD_Driver.o
                0x08000b2c                LCD_Draw_Char
 .text.LCD_DisplayChar
                0x08000c08       0x44 ./Core/Src/LCD_Driver.o
                0x08000c08                LCD_DisplayChar
 .text.LCD_Error_Handler
                0x08000c4c        0xc ./Core/Src/LCD_Driver.o
                0x08000c4c                LCD_Error_Handler
 .text.InitializeLCDTouch
                0x08000c58       0x16 ./Core/Src/LCD_Driver.o
                0x08000c58                InitializeLCDTouch
 .text.returnTouchStateAndLocation
                0x08000c6e       0x18 ./Core/Src/LCD_Driver.o
                0x08000c6e                returnTouchStateAndLocation
 *fill*         0x08000c86        0x2 
 .text.RNG_Init
                0x08000c88       0x54 ./Core/Src/RNG_Handler.o
                0x08000c88                RNG_Init
 .text.GenerateRandNum
                0x08000cdc       0x30 ./Core/Src/RNG_Handler.o
                0x08000cdc                GenerateRandNum
 .text.addSchedulerEvent
                0x08000d0c       0x24 ./Core/Src/Scheduler.o
                0x08000d0c                addSchedulerEvent
 .text.removeSchedulerEvent
                0x08000d30       0x28 ./Core/Src/Scheduler.o
                0x08000d30                removeSchedulerEvent
 .text.getScheduledEvents
                0x08000d58       0x18 ./Core/Src/Scheduler.o
                0x08000d58                getScheduledEvents
 .text.BlockInit
                0x08000d70       0x8a ./Core/Src/Tetris_Driver.o
                0x08000d70                BlockInit
 *fill*         0x08000dfa        0x2 
 .text.gameStart
                0x08000dfc       0x20 ./Core/Src/Tetris_Driver.o
                0x08000dfc                gameStart
 .text.GenerateRandomBlock
                0x08000e1c       0xb0 ./Core/Src/Tetris_Driver.o
                0x08000e1c                GenerateRandomBlock
 .text.drawTetrisShape
                0x08000ecc       0xd0 ./Core/Src/Tetris_Driver.o
                0x08000ecc                drawTetrisShape
 .text.Rotate90
                0x08000f9c       0xfc ./Core/Src/Tetris_Driver.o
                0x08000f9c                Rotate90
 .text.dropBlock
                0x08001098       0x4c ./Core/Src/Tetris_Driver.o
                0x08001098                dropBlock
 .text.moveLeft
                0x080010e4       0xd0 ./Core/Src/Tetris_Driver.o
                0x080010e4                moveLeft
 .text.moveRight
                0x080011b4       0xd0 ./Core/Src/Tetris_Driver.o
                0x080011b4                moveRight
 .text.isValidMove
                0x08001284      0x100 ./Core/Src/Tetris_Driver.o
                0x08001284                isValidMove
 .text.changeHeight
                0x08001384       0x6e ./Core/Src/Tetris_Driver.o
                0x08001384                changeHeight
 *fill*         0x080013f2        0x2 
 .text.updateBoard
                0x080013f4       0xc0 ./Core/Src/Tetris_Driver.o
                0x080013f4                updateBoard
 .text.mainMenu
                0x080014b4      0x1b4 ./Core/Src/Tetris_Driver.o
                0x080014b4                mainMenu
 .text.checkTop
                0x08001668       0x40 ./Core/Src/Tetris_Driver.o
                0x08001668                checkTop
 .text.gameEnd  0x080016a8      0x1d4 ./Core/Src/Tetris_Driver.o
                0x080016a8                gameEnd
 .text.gameScreen
                0x0800187c      0x16c ./Core/Src/Tetris_Driver.o
                0x0800187c                gameScreen
 .text.ili9341_Init
                0x080019e8      0x294 ./Core/Src/ili9341.o
                0x080019e8                ili9341_Init
 .text.ili9341_Write_Reg
                0x08001c7c       0x1a ./Core/Src/ili9341.o
                0x08001c7c                ili9341_Write_Reg
 .text.ili9341_Send_Data
                0x08001c96       0x1a ./Core/Src/ili9341.o
                0x08001c96                ili9341_Send_Data
 .text.SPI_Init
                0x08001cb0       0x74 ./Core/Src/ili9341.o
 .text.SPI_Write
                0x08001d24       0x3c ./Core/Src/ili9341.o
 .text.SPI_Error
                0x08001d60       0x18 ./Core/Src/ili9341.o
 .text.SPI_MspInit
                0x08001d78       0x74 ./Core/Src/ili9341.o
 .text.LCD_IO_Init
                0x08001dec       0xf0 ./Core/Src/ili9341.o
                0x08001dec                LCD_IO_Init
 .text.LCD_IO_WriteData
                0x08001edc       0x44 ./Core/Src/ili9341.o
                0x08001edc                LCD_IO_WriteData
 .text.LCD_IO_WriteReg
                0x08001f20       0x44 ./Core/Src/ili9341.o
                0x08001f20                LCD_IO_WriteReg
 .text.LCD_Delay
                0x08001f64       0x16 ./Core/Src/ili9341.o
                0x08001f64                LCD_Delay
 .text.main     0x08001f7a       0x20 ./Core/Src/main.o
                0x08001f7a                main
 *fill*         0x08001f9a        0x2 
 .text.SystemClockOverride
                0x08001f9c       0x80 ./Core/Src/main.o
                0x08001f9c                SystemClockOverride
 .text.Error_Handler
                0x0800201c        0xc ./Core/Src/main.o
                0x0800201c                Error_Handler
 .text.HAL_MspInit
                0x08002028       0x50 ./Core/Src/stm32f4xx_hal_msp.o
                0x08002028                HAL_MspInit
 .text.HAL_I2C_MspInit
                0x08002078       0xd4 ./Core/Src/stm32f4xx_hal_msp.o
                0x08002078                HAL_I2C_MspInit
 .text.HAL_LTDC_MspInit
                0x0800214c      0x250 ./Core/Src/stm32f4xx_hal_msp.o
                0x0800214c                HAL_LTDC_MspInit
 .text.HAL_RNG_MspInit
                0x0800239c       0x44 ./Core/Src/stm32f4xx_hal_msp.o
                0x0800239c                HAL_RNG_MspInit
 .text.HAL_SPI_MspInit
                0x080023e0       0x90 ./Core/Src/stm32f4xx_hal_msp.o
                0x080023e0                HAL_SPI_MspInit
 .text.HAL_SPI_MspDeInit
                0x08002470       0x3c ./Core/Src/stm32f4xx_hal_msp.o
                0x08002470                HAL_SPI_MspDeInit
 .text.NMI_Handler
                0x080024ac        0x8 ./Core/Src/stm32f4xx_it.o
                0x080024ac                NMI_Handler
 .text.HardFault_Handler
                0x080024b4        0x8 ./Core/Src/stm32f4xx_it.o
                0x080024b4                HardFault_Handler
 .text.MemManage_Handler
                0x080024bc        0x8 ./Core/Src/stm32f4xx_it.o
                0x080024bc                MemManage_Handler
 .text.BusFault_Handler
                0x080024c4        0x8 ./Core/Src/stm32f4xx_it.o
                0x080024c4                BusFault_Handler
 .text.UsageFault_Handler
                0x080024cc        0x8 ./Core/Src/stm32f4xx_it.o
                0x080024cc                UsageFault_Handler
 .text.SVC_Handler
                0x080024d4        0xe ./Core/Src/stm32f4xx_it.o
                0x080024d4                SVC_Handler
 .text.DebugMon_Handler
                0x080024e2        0xe ./Core/Src/stm32f4xx_it.o
                0x080024e2                DebugMon_Handler
 .text.PendSV_Handler
                0x080024f0        0xe ./Core/Src/stm32f4xx_it.o
                0x080024f0                PendSV_Handler
 .text.SysTick_Handler
                0x080024fe        0xc ./Core/Src/stm32f4xx_it.o
                0x080024fe                SysTick_Handler
 .text.STMPE811_Init
                0x0800250a      0x14e ./Core/Src/stmpe811.o
                0x0800250a                STMPE811_Init
 .text.STMPE811_Read
                0x08002658       0x22 ./Core/Src/stmpe811.o
                0x08002658                STMPE811_Read
 .text.STMPE811_ReadTouch
                0x0800267a      0x198 ./Core/Src/stmpe811.o
                0x0800267a                STMPE811_ReadTouch
 *fill*         0x08002812        0x2 
 .text.verifyHAL_I2C_IS_OKAY
                0x08002814       0x20 ./Core/Src/stmpe811.o
                0x08002814                verifyHAL_I2C_IS_OKAY
 .text.I2C3_Init
                0x08002834       0x7c ./Core/Src/stmpe811.o
 .text.I2C3_MspInit
                0x080028b0       0xa8 ./Core/Src/stmpe811.o
 .text.I2C3_Write
                0x08002958       0x54 ./Core/Src/stmpe811.o
                0x08002958                I2C3_Write
 .text.I2C3_Read
                0x080029ac       0x4c ./Core/Src/stmpe811.o
                0x080029ac                I2C3_Read
 .text.I2C3_MulitByteRead
                0x080029f8       0x44 ./Core/Src/stmpe811.o
                0x080029f8                I2C3_MulitByteRead
 .text.TM_STMPE811_ReadX
                0x08002a3c       0xbc ./Core/Src/stmpe811.o
                0x08002a3c                TM_STMPE811_ReadX
 .text.TM_STMPE811_ReadY
                0x08002af8       0xa4 ./Core/Src/stmpe811.o
                0x08002af8                TM_STMPE811_ReadY
 .text.SystemInit
                0x08002b9c       0x24 ./Core/Src/system_stm32f4xx.o
                0x08002b9c                SystemInit
 .text.Reset_Handler
                0x08002bc0       0x50 ./Core/Startup/startup_stm32f429zitx.o
                0x08002bc0                Reset_Handler
 .text.Default_Handler
                0x08002c10        0x2 ./Core/Startup/startup_stm32f429zitx.o
                0x08002c10                RTC_Alarm_IRQHandler
                0x08002c10                HASH_RNG_IRQHandler
                0x08002c10                EXTI2_IRQHandler
                0x08002c10                TIM8_CC_IRQHandler
                0x08002c10                UART8_IRQHandler
                0x08002c10                SPI4_IRQHandler
                0x08002c10                TIM1_CC_IRQHandler
                0x08002c10                DMA2_Stream5_IRQHandler
                0x08002c10                DMA1_Stream5_IRQHandler
                0x08002c10                PVD_IRQHandler
                0x08002c10                SDIO_IRQHandler
                0x08002c10                TAMP_STAMP_IRQHandler
                0x08002c10                CAN2_RX1_IRQHandler
                0x08002c10                EXTI3_IRQHandler
                0x08002c10                TIM8_TRG_COM_TIM14_IRQHandler
                0x08002c10                TIM1_UP_TIM10_IRQHandler
                0x08002c10                TIM8_UP_TIM13_IRQHandler
                0x08002c10                I2C3_ER_IRQHandler
                0x08002c10                I2C2_EV_IRQHandler
                0x08002c10                DMA1_Stream2_IRQHandler
                0x08002c10                CAN1_RX0_IRQHandler
                0x08002c10                FPU_IRQHandler
                0x08002c10                OTG_HS_WKUP_IRQHandler
                0x08002c10                LTDC_ER_IRQHandler
                0x08002c10                CAN2_SCE_IRQHandler
                0x08002c10                DMA2_Stream2_IRQHandler
                0x08002c10                SPI1_IRQHandler
                0x08002c10                TIM6_DAC_IRQHandler
                0x08002c10                TIM1_BRK_TIM9_IRQHandler
                0x08002c10                DCMI_IRQHandler
                0x08002c10                CAN2_RX0_IRQHandler
                0x08002c10                DMA2_Stream3_IRQHandler
                0x08002c10                USART6_IRQHandler
                0x08002c10                USART3_IRQHandler
                0x08002c10                CAN1_RX1_IRQHandler
                0x08002c10                UART5_IRQHandler
                0x08002c10                DMA2_Stream0_IRQHandler
                0x08002c10                TIM4_IRQHandler
                0x08002c10                I2C1_EV_IRQHandler
                0x08002c10                DMA1_Stream6_IRQHandler
                0x08002c10                DMA1_Stream1_IRQHandler
                0x08002c10                UART4_IRQHandler
                0x08002c10                TIM3_IRQHandler
                0x08002c10                RCC_IRQHandler
                0x08002c10                TIM8_BRK_TIM12_IRQHandler
                0x08002c10                Default_Handler
                0x08002c10                EXTI15_10_IRQHandler
                0x08002c10                ADC_IRQHandler
                0x08002c10                DMA1_Stream7_IRQHandler
                0x08002c10                SPI5_IRQHandler
                0x08002c10                TIM7_IRQHandler
                0x08002c10                CAN2_TX_IRQHandler
                0x08002c10                TIM5_IRQHandler
                0x08002c10                DMA2_Stream7_IRQHandler
                0x08002c10                I2C3_EV_IRQHandler
                0x08002c10                EXTI9_5_IRQHandler
                0x08002c10                RTC_WKUP_IRQHandler
                0x08002c10                LTDC_IRQHandler
                0x08002c10                ETH_WKUP_IRQHandler
                0x08002c10                SPI2_IRQHandler
                0x08002c10                OTG_HS_EP1_IN_IRQHandler
                0x08002c10                DMA1_Stream0_IRQHandler
                0x08002c10                CAN1_TX_IRQHandler
                0x08002c10                EXTI4_IRQHandler
                0x08002c10                ETH_IRQHandler
                0x08002c10                OTG_HS_EP1_OUT_IRQHandler
                0x08002c10                WWDG_IRQHandler
                0x08002c10                SPI6_IRQHandler
                0x08002c10                TIM2_IRQHandler
                0x08002c10                OTG_FS_WKUP_IRQHandler
                0x08002c10                TIM1_TRG_COM_TIM11_IRQHandler
                0x08002c10                OTG_HS_IRQHandler
                0x08002c10                DMA2D_IRQHandler
                0x08002c10                EXTI1_IRQHandler
                0x08002c10                UART7_IRQHandler
                0x08002c10                USART2_IRQHandler
                0x08002c10                I2C2_ER_IRQHandler
                0x08002c10                DMA2_Stream1_IRQHandler
                0x08002c10                CAN1_SCE_IRQHandler
                0x08002c10                FLASH_IRQHandler
                0x08002c10                DMA2_Stream4_IRQHandler
                0x08002c10                USART1_IRQHandler
                0x08002c10                OTG_FS_IRQHandler
                0x08002c10                SPI3_IRQHandler
                0x08002c10                DMA1_Stream4_IRQHandler
                0x08002c10                I2C1_ER_IRQHandler
                0x08002c10                FMC_IRQHandler
                0x08002c10                DMA2_Stream6_IRQHandler
                0x08002c10                SAI1_IRQHandler
                0x08002c10                DMA1_Stream3_IRQHandler
 *fill*         0x08002c12        0x2 
 .text.HAL_Init
                0x08002c14       0x44 ./Drivers/STM32F4xx_HAL_Driver/Src/stm32f4xx_hal.o
                0x08002c14                HAL_Init
 .text.HAL_InitTick
                0x08002c58       0x60 ./Drivers/STM32F4xx_HAL_Driver/Src/stm32f4xx_hal.o
                0x08002c58                HAL_InitTick
 .text.HAL_IncTick
                0x08002cb8       0x28 ./Drivers/STM32F4xx_HAL_Driver/Src/stm32f4xx_hal.o
                0x08002cb8                HAL_IncTick
 .text.HAL_GetTick
                0x08002ce0       0x18 ./Drivers/STM32F4xx_HAL_Driver/Src/stm32f4xx_hal.o
                0x08002ce0                HAL_GetTick
 .text.HAL_Delay
                0x08002cf8       0x48 ./Drivers/STM32F4xx_HAL_Driver/Src/stm32f4xx_hal.o
                0x08002cf8                HAL_Delay
 .text.__NVIC_SetPriorityGrouping
                0x08002d40       0x48 ./Drivers/STM32F4xx_HAL_Driver/Src/stm32f4xx_hal_cortex.o
 .text.__NVIC_GetPriorityGrouping
                0x08002d88       0x1c ./Drivers/STM32F4xx_HAL_Driver/Src/stm32f4xx_hal_cortex.o
 .text.__NVIC_SetPriority
                0x08002da4       0x54 ./Drivers/STM32F4xx_HAL_Driver/Src/stm32f4xx_hal_cortex.o
 .text.NVIC_EncodePriority
                0x08002df8       0x66 ./Drivers/STM32F4xx_HAL_Driver/Src/stm32f4xx_hal_cortex.o
 *fill*         0x08002e5e        0x2 
 .text.SysTick_Config
                0x08002e60       0x44 ./Drivers/STM32F4xx_HAL_Driver/Src/stm32f4xx_hal_cortex.o
 .text.HAL_NVIC_SetPriorityGrouping
                0x08002ea4       0x16 ./Drivers/STM32F4xx_HAL_Driver/Src/stm32f4xx_hal_cortex.o
                0x08002ea4                HAL_NVIC_SetPriorityGrouping
 .text.HAL_NVIC_SetPriority
                0x08002eba       0x38 ./Drivers/STM32F4xx_HAL_Driver/Src/stm32f4xx_hal_cortex.o
                0x08002eba                HAL_NVIC_SetPriority
 .text.HAL_SYSTICK_Config
                0x08002ef2       0x18 ./Drivers/STM32F4xx_HAL_Driver/Src/stm32f4xx_hal_cortex.o
                0x08002ef2                HAL_SYSTICK_Config
 *fill*         0x08002f0a        0x2 
 .text.HAL_GPIO_Init
                0x08002f0c      0x358 ./Drivers/STM32F4xx_HAL_Driver/Src/stm32f4xx_hal_gpio.o
                0x08002f0c                HAL_GPIO_Init
 .text.HAL_GPIO_DeInit
                0x08003264      0x218 ./Drivers/STM32F4xx_HAL_Driver/Src/stm32f4xx_hal_gpio.o
                0x08003264                HAL_GPIO_DeInit
 .text.HAL_GPIO_WritePin
                0x0800347c       0x32 ./Drivers/STM32F4xx_HAL_Driver/Src/stm32f4xx_hal_gpio.o
                0x0800347c                HAL_GPIO_WritePin
 *fill*         0x080034ae        0x2 
 .text.HAL_I2C_Init
                0x080034b0      0x288 ./Drivers/STM32F4xx_HAL_Driver/Src/stm32f4xx_hal_i2c.o
                0x080034b0                HAL_I2C_Init
 .text.HAL_I2C_Mem_Write
                0x08003738      0x1f4 ./Drivers/STM32F4xx_HAL_Driver/Src/stm32f4xx_hal_i2c.o
                0x08003738                HAL_I2C_Mem_Write
 .text.HAL_I2C_Mem_Read
                0x0800392c      0x464 ./Drivers/STM32F4xx_HAL_Driver/Src/stm32f4xx_hal_i2c.o
                0x0800392c                HAL_I2C_Mem_Read
 .text.I2C_RequestMemoryWrite
                0x08003d90      0x12c ./Drivers/STM32F4xx_HAL_Driver/Src/stm32f4xx_hal_i2c.o
 .text.I2C_RequestMemoryRead
                0x08003ebc      0x1d0 ./Drivers/STM32F4xx_HAL_Driver/Src/stm32f4xx_hal_i2c.o
 .text.I2C_WaitOnFlagUntilTimeout
                0x0800408c       0xf4 ./Drivers/STM32F4xx_HAL_Driver/Src/stm32f4xx_hal_i2c.o
 .text.I2C_WaitOnMasterAddressFlagUntilTimeout
                0x08004180      0x140 ./Drivers/STM32F4xx_HAL_Driver/Src/stm32f4xx_hal_i2c.o
 .text.I2C_WaitOnTXEFlagUntilTimeout
                0x080042c0       0x90 ./Drivers/STM32F4xx_HAL_Driver/Src/stm32f4xx_hal_i2c.o
 .text.I2C_WaitOnBTFFlagUntilTimeout
                0x08004350       0x90 ./Drivers/STM32F4xx_HAL_Driver/Src/stm32f4xx_hal_i2c.o
 .text.I2C_WaitOnRXNEFlagUntilTimeout
                0x080043e0       0xba ./Drivers/STM32F4xx_HAL_Driver/Src/stm32f4xx_hal_i2c.o
 .text.I2C_IsAcknowledgeFailed
                0x0800449a       0x5e ./Drivers/STM32F4xx_HAL_Driver/Src/stm32f4xx_hal_i2c.o
 .text.HAL_LTDC_Init
                0x080044f8      0x1a0 ./Drivers/STM32F4xx_HAL_Driver/Src/stm32f4xx_hal_ltdc.o
                0x080044f8                HAL_LTDC_Init
 .text.HAL_LTDC_ConfigLayer
                0x08004698       0x7c ./Drivers/STM32F4xx_HAL_Driver/Src/stm32f4xx_hal_ltdc.o
                0x08004698                HAL_LTDC_ConfigLayer
 .text.LTDC_SetConfig
                0x08004714      0x32e ./Drivers/STM32F4xx_HAL_Driver/Src/stm32f4xx_hal_ltdc.o
 *fill*         0x08004a42        0x2 
 .text.HAL_RCC_OscConfig
                0x08004a44      0x4f0 ./Drivers/STM32F4xx_HAL_Driver/Src/stm32f4xx_hal_rcc.o
                0x08004a44                HAL_RCC_OscConfig
 .text.HAL_RCC_ClockConfig
                0x08004f34      0x1cc ./Drivers/STM32F4xx_HAL_Driver/Src/stm32f4xx_hal_rcc.o
                0x08004f34                HAL_RCC_ClockConfig
 .text.HAL_RCC_GetSysClockFreq
                0x08005100      0x20c ./Drivers/STM32F4xx_HAL_Driver/Src/stm32f4xx_hal_rcc.o
                0x08005100                HAL_RCC_GetSysClockFreq
 .text.HAL_RCC_GetHCLKFreq
                0x0800530c       0x18 ./Drivers/STM32F4xx_HAL_Driver/Src/stm32f4xx_hal_rcc.o
                0x0800530c                HAL_RCC_GetHCLKFreq
 .text.HAL_RCC_GetPCLK1Freq
                0x08005324       0x28 ./Drivers/STM32F4xx_HAL_Driver/Src/stm32f4xx_hal_rcc.o
                0x08005324                HAL_RCC_GetPCLK1Freq
 .text.HAL_RCCEx_PeriphCLKConfig
                0x0800534c      0x380 ./Drivers/STM32F4xx_HAL_Driver/Src/stm32f4xx_hal_rcc_ex.o
                0x0800534c                HAL_RCCEx_PeriphCLKConfig
 .text.HAL_RNG_Init
                0x080056cc       0x54 ./Drivers/STM32F4xx_HAL_Driver/Src/stm32f4xx_hal_rng.o
                0x080056cc                HAL_RNG_Init
 .text.HAL_RNG_GenerateRandomNumber
                0x08005720       0xac ./Drivers/STM32F4xx_HAL_Driver/Src/stm32f4xx_hal_rng.o
                0x08005720                HAL_RNG_GenerateRandomNumber
 .text.HAL_SPI_Init
                0x080057cc      0x112 ./Drivers/STM32F4xx_HAL_Driver/Src/stm32f4xx_hal_spi.o
                0x080057cc                HAL_SPI_Init
 .text.HAL_SPI_DeInit
                0x080058de       0x50 ./Drivers/STM32F4xx_HAL_Driver/Src/stm32f4xx_hal_spi.o
                0x080058de                HAL_SPI_DeInit
 .text.HAL_SPI_Transmit
                0x0800592e      0x288 ./Drivers/STM32F4xx_HAL_Driver/Src/stm32f4xx_hal_spi.o
                0x0800592e                HAL_SPI_Transmit
 .text.HAL_SPI_GetState
                0x08005bb6       0x1c ./Drivers/STM32F4xx_HAL_Driver/Src/stm32f4xx_hal_spi.o
                0x08005bb6                HAL_SPI_GetState
 *fill*         0x08005bd2        0x2 
 .text.SPI_WaitFlagStateUntilTimeout
                0x08005bd4      0x110 ./Drivers/STM32F4xx_HAL_Driver/Src/stm32f4xx_hal_spi.o
 .text.SPI_EndRxTxTransaction
                0x08005ce4       0xa8 ./Drivers/STM32F4xx_HAL_Driver/Src/stm32f4xx_hal_spi.o
 .text.findslot
                0x08005d8c       0x34 C:/ST/STM32CubeIDE_1.16.0/STM32CubeIDE/plugins/com.st.stm32cube.ide.mcu.externaltools.gnu-tools-for-stm32.12.3.rel1.win32_1.0.200.202406191623/tools/bin/../lib/gcc/arm-none-eabi/12.3.1/../../../../arm-none-eabi/lib/thumb/v7e-m+fp/hard\librdimon_nano.a(arm_librdimon_a-syscalls.o)
 .text.error    0x08005dc0       0x1c C:/ST/STM32CubeIDE_1.16.0/STM32CubeIDE/plugins/com.st.stm32cube.ide.mcu.externaltools.gnu-tools-for-stm32.12.3.rel1.win32_1.0.200.202406191623/tools/bin/../lib/gcc/arm-none-eabi/12.3.1/../../../../arm-none-eabi/lib/thumb/v7e-m+fp/hard\librdimon_nano.a(arm_librdimon_a-syscalls.o)
 .text.checkerror
                0x08005ddc        0xa C:/ST/STM32CubeIDE_1.16.0/STM32CubeIDE/plugins/com.st.stm32cube.ide.mcu.externaltools.gnu-tools-for-stm32.12.3.rel1.win32_1.0.200.202406191623/tools/bin/../lib/gcc/arm-none-eabi/12.3.1/../../../../arm-none-eabi/lib/thumb/v7e-m+fp/hard\librdimon_nano.a(arm_librdimon_a-syscalls.o)
 .text._swiread
                0x08005de6       0x20 C:/ST/STM32CubeIDE_1.16.0/STM32CubeIDE/plugins/com.st.stm32cube.ide.mcu.externaltools.gnu-tools-for-stm32.12.3.rel1.win32_1.0.200.202406191623/tools/bin/../lib/gcc/arm-none-eabi/12.3.1/../../../../arm-none-eabi/lib/thumb/v7e-m+fp/hard\librdimon_nano.a(arm_librdimon_a-syscalls.o)
                0x08005de6                _swiread
 .text._read    0x08005e06       0x34 C:/ST/STM32CubeIDE_1.16.0/STM32CubeIDE/plugins/com.st.stm32cube.ide.mcu.externaltools.gnu-tools-for-stm32.12.3.rel1.win32_1.0.200.202406191623/tools/bin/../lib/gcc/arm-none-eabi/12.3.1/../../../../arm-none-eabi/lib/thumb/v7e-m+fp/hard\librdimon_nano.a(arm_librdimon_a-syscalls.o)
                0x08005e06                _read
 .text._swilseek
                0x08005e3a       0x78 C:/ST/STM32CubeIDE_1.16.0/STM32CubeIDE/plugins/com.st.stm32cube.ide.mcu.externaltools.gnu-tools-for-stm32.12.3.rel1.win32_1.0.200.202406191623/tools/bin/../lib/gcc/arm-none-eabi/12.3.1/../../../../arm-none-eabi/lib/thumb/v7e-m+fp/hard\librdimon_nano.a(arm_librdimon_a-syscalls.o)
                0x08005e3a                _swilseek
 .text._lseek   0x08005eb2        0x4 C:/ST/STM32CubeIDE_1.16.0/STM32CubeIDE/plugins/com.st.stm32cube.ide.mcu.externaltools.gnu-tools-for-stm32.12.3.rel1.win32_1.0.200.202406191623/tools/bin/../lib/gcc/arm-none-eabi/12.3.1/../../../../arm-none-eabi/lib/thumb/v7e-m+fp/hard\librdimon_nano.a(arm_librdimon_a-syscalls.o)
                0x08005eb2                _lseek
 .text._swiwrite
                0x08005eb6       0x20 C:/ST/STM32CubeIDE_1.16.0/STM32CubeIDE/plugins/com.st.stm32cube.ide.mcu.externaltools.gnu-tools-for-stm32.12.3.rel1.win32_1.0.200.202406191623/tools/bin/../lib/gcc/arm-none-eabi/12.3.1/../../../../arm-none-eabi/lib/thumb/v7e-m+fp/hard\librdimon_nano.a(arm_librdimon_a-syscalls.o)
                0x08005eb6                _swiwrite
 .text._write   0x08005ed6       0x40 C:/ST/STM32CubeIDE_1.16.0/STM32CubeIDE/plugins/com.st.stm32cube.ide.mcu.externaltools.gnu-tools-for-stm32.12.3.rel1.win32_1.0.200.202406191623/tools/bin/../lib/gcc/arm-none-eabi/12.3.1/../../../../arm-none-eabi/lib/thumb/v7e-m+fp/hard\librdimon_nano.a(arm_librdimon_a-syscalls.o)
                0x08005ed6                _write
 .text._swiclose
                0x08005f16       0x1a C:/ST/STM32CubeIDE_1.16.0/STM32CubeIDE/plugins/com.st.stm32cube.ide.mcu.externaltools.gnu-tools-for-stm32.12.3.rel1.win32_1.0.200.202406191623/tools/bin/../lib/gcc/arm-none-eabi/12.3.1/../../../../arm-none-eabi/lib/thumb/v7e-m+fp/hard\librdimon_nano.a(arm_librdimon_a-syscalls.o)
                0x08005f16                _swiclose
 .text._close   0x08005f30       0x44 C:/ST/STM32CubeIDE_1.16.0/STM32CubeIDE/plugins/com.st.stm32cube.ide.mcu.externaltools.gnu-tools-for-stm32.12.3.rel1.win32_1.0.200.202406191623/tools/bin/../lib/gcc/arm-none-eabi/12.3.1/../../../../arm-none-eabi/lib/thumb/v7e-m+fp/hard\librdimon_nano.a(arm_librdimon_a-syscalls.o)
                0x08005f30                _close
 .text._swistat
                0x08005f74       0x42 C:/ST/STM32CubeIDE_1.16.0/STM32CubeIDE/plugins/com.st.stm32cube.ide.mcu.externaltools.gnu-tools-for-stm32.12.3.rel1.win32_1.0.200.202406191623/tools/bin/../lib/gcc/arm-none-eabi/12.3.1/../../../../arm-none-eabi/lib/thumb/v7e-m+fp/hard\librdimon_nano.a(arm_librdimon_a-syscalls.o)
                0x08005f74                _swistat
 .text._stat    0x08005fb6       0x3a C:/ST/STM32CubeIDE_1.16.0/STM32CubeIDE/plugins/com.st.stm32cube.ide.mcu.externaltools.gnu-tools-for-stm32.12.3.rel1.win32_1.0.200.202406191623/tools/bin/../lib/gcc/arm-none-eabi/12.3.1/../../../../arm-none-eabi/lib/thumb/v7e-m+fp/hard\librdimon_nano.a(arm_librdimon_a-syscalls.o)
                0x08005fb6                _stat
 .text._swiopen
                0x08005ff0       0xb0 C:/ST/STM32CubeIDE_1.16.0/STM32CubeIDE/plugins/com.st.stm32cube.ide.mcu.externaltools.gnu-tools-for-stm32.12.3.rel1.win32_1.0.200.202406191623/tools/bin/../lib/gcc/arm-none-eabi/12.3.1/../../../../arm-none-eabi/lib/thumb/v7e-m+fp/hard\librdimon_nano.a(arm_librdimon_a-syscalls.o)
                0x08005ff0                _swiopen
 .text._get_semihosting_exts
                0x080060a0       0xb4 C:/ST/STM32CubeIDE_1.16.0/STM32CubeIDE/plugins/com.st.stm32cube.ide.mcu.externaltools.gnu-tools-for-stm32.12.3.rel1.win32_1.0.200.202406191623/tools/bin/../lib/gcc/arm-none-eabi/12.3.1/../../../../arm-none-eabi/lib/thumb/v7e-m+fp/hard\librdimon_nano.a(arm_librdimon_a-syscalls.o)
                0x080060a0                _get_semihosting_exts
 .text.initialise_semihosting_exts
                0x08006154       0x34 C:/ST/STM32CubeIDE_1.16.0/STM32CubeIDE/plugins/com.st.stm32cube.ide.mcu.externaltools.gnu-tools-for-stm32.12.3.rel1.win32_1.0.200.202406191623/tools/bin/../lib/gcc/arm-none-eabi/12.3.1/../../../../arm-none-eabi/lib/thumb/v7e-m+fp/hard\librdimon_nano.a(arm_librdimon_a-syscalls.o)
 .text._has_ext_stdout_stderr
                0x08006188       0x18 C:/ST/STM32CubeIDE_1.16.0/STM32CubeIDE/plugins/com.st.stm32cube.ide.mcu.externaltools.gnu-tools-for-stm32.12.3.rel1.win32_1.0.200.202406191623/tools/bin/../lib/gcc/arm-none-eabi/12.3.1/../../../../arm-none-eabi/lib/thumb/v7e-m+fp/hard\librdimon_nano.a(arm_librdimon_a-syscalls.o)
                0x08006188                _has_ext_stdout_stderr
 .text.initialise_monitor_handles
                0x080061a0       0xc0 C:/ST/STM32CubeIDE_1.16.0/STM32CubeIDE/plugins/com.st.stm32cube.ide.mcu.externaltools.gnu-tools-for-stm32.12.3.rel1.win32_1.0.200.202406191623/tools/bin/../lib/gcc/arm-none-eabi/12.3.1/../../../../arm-none-eabi/lib/thumb/v7e-m+fp/hard\librdimon_nano.a(arm_librdimon_a-syscalls.o)
                0x080061a0                initialise_monitor_handles
 .text.__itoa   0x08006260       0x30 C:/ST/STM32CubeIDE_1.16.0/STM32CubeIDE/plugins/com.st.stm32cube.ide.mcu.externaltools.gnu-tools-for-stm32.12.3.rel1.win32_1.0.200.202406191623/tools/bin/../lib/gcc/arm-none-eabi/12.3.1/../../../../arm-none-eabi/lib/thumb/v7e-m+fp/hard\libc_nano.a(libc_a-itoa.o)
                0x08006260                __itoa
 .text.itoa     0x08006290        0x4 C:/ST/STM32CubeIDE_1.16.0/STM32CubeIDE/plugins/com.st.stm32cube.ide.mcu.externaltools.gnu-tools-for-stm32.12.3.rel1.win32_1.0.200.202406191623/tools/bin/../lib/gcc/arm-none-eabi/12.3.1/../../../../arm-none-eabi/lib/thumb/v7e-m+fp/hard\libc_nano.a(libc_a-itoa.o)
                0x08006290                itoa
 .text.__utoa   0x08006294       0x84 C:/ST/STM32CubeIDE_1.16.0/STM32CubeIDE/plugins/com.st.stm32cube.ide.mcu.externaltools.gnu-tools-for-stm32.12.3.rel1.win32_1.0.200.202406191623/tools/bin/../lib/gcc/arm-none-eabi/12.3.1/../../../../arm-none-eabi/lib/thumb/v7e-m+fp/hard\libc_nano.a(libc_a-utoa.o)
                0x08006294                __utoa
 .text.std      0x08006318       0x6c C:/ST/STM32CubeIDE_1.16.0/STM32CubeIDE/plugins/com.st.stm32cube.ide.mcu.externaltools.gnu-tools-for-stm32.12.3.rel1.win32_1.0.200.202406191623/tools/bin/../lib/gcc/arm-none-eabi/12.3.1/../../../../arm-none-eabi/lib/thumb/v7e-m+fp/hard\libc_nano.a(libc_a-findfp.o)
 .text.stdio_exit_handler
                0x08006384       0x18 C:/ST/STM32CubeIDE_1.16.0/STM32CubeIDE/plugins/com.st.stm32cube.ide.mcu.externaltools.gnu-tools-for-stm32.12.3.rel1.win32_1.0.200.202406191623/tools/bin/../lib/gcc/arm-none-eabi/12.3.1/../../../../arm-none-eabi/lib/thumb/v7e-m+fp/hard\libc_nano.a(libc_a-findfp.o)
 .text.cleanup_stdio
                0x0800639c       0x40 C:/ST/STM32CubeIDE_1.16.0/STM32CubeIDE/plugins/com.st.stm32cube.ide.mcu.externaltools.gnu-tools-for-stm32.12.3.rel1.win32_1.0.200.202406191623/tools/bin/../lib/gcc/arm-none-eabi/12.3.1/../../../../arm-none-eabi/lib/thumb/v7e-m+fp/hard\libc_nano.a(libc_a-findfp.o)
 .text.global_stdio_init.part.0
                0x080063dc       0x3c C:/ST/STM32CubeIDE_1.16.0/STM32CubeIDE/plugins/com.st.stm32cube.ide.mcu.externaltools.gnu-tools-for-stm32.12.3.rel1.win32_1.0.200.202406191623/tools/bin/../lib/gcc/arm-none-eabi/12.3.1/../../../../arm-none-eabi/lib/thumb/v7e-m+fp/hard\libc_nano.a(libc_a-findfp.o)
 .text.__sfp_lock_acquire
                0x08006418        0xc C:/ST/STM32CubeIDE_1.16.0/STM32CubeIDE/plugins/com.st.stm32cube.ide.mcu.externaltools.gnu-tools-for-stm32.12.3.rel1.win32_1.0.200.202406191623/tools/bin/../lib/gcc/arm-none-eabi/12.3.1/../../../../arm-none-eabi/lib/thumb/v7e-m+fp/hard\libc_nano.a(libc_a-findfp.o)
                0x08006418                __sfp_lock_acquire
 .text.__sfp_lock_release
                0x08006424        0xc C:/ST/STM32CubeIDE_1.16.0/STM32CubeIDE/plugins/com.st.stm32cube.ide.mcu.externaltools.gnu-tools-for-stm32.12.3.rel1.win32_1.0.200.202406191623/tools/bin/../lib/gcc/arm-none-eabi/12.3.1/../../../../arm-none-eabi/lib/thumb/v7e-m+fp/hard\libc_nano.a(libc_a-findfp.o)
                0x08006424                __sfp_lock_release
 .text.__sinit  0x08006430       0x30 C:/ST/STM32CubeIDE_1.16.0/STM32CubeIDE/plugins/com.st.stm32cube.ide.mcu.externaltools.gnu-tools-for-stm32.12.3.rel1.win32_1.0.200.202406191623/tools/bin/../lib/gcc/arm-none-eabi/12.3.1/../../../../arm-none-eabi/lib/thumb/v7e-m+fp/hard\libc_nano.a(libc_a-findfp.o)
                0x08006430                __sinit
 .text._fwalk_sglue
                0x08006460       0x3c C:/ST/STM32CubeIDE_1.16.0/STM32CubeIDE/plugins/com.st.stm32cube.ide.mcu.externaltools.gnu-tools-for-stm32.12.3.rel1.win32_1.0.200.202406191623/tools/bin/../lib/gcc/arm-none-eabi/12.3.1/../../../../arm-none-eabi/lib/thumb/v7e-m+fp/hard\libc_nano.a(libc_a-fwalk.o)
                0x08006460                _fwalk_sglue
 .text.__sread  0x0800649c       0x22 C:/ST/STM32CubeIDE_1.16.0/STM32CubeIDE/plugins/com.st.stm32cube.ide.mcu.externaltools.gnu-tools-for-stm32.12.3.rel1.win32_1.0.200.202406191623/tools/bin/../lib/gcc/arm-none-eabi/12.3.1/../../../../arm-none-eabi/lib/thumb/v7e-m+fp/hard\libc_nano.a(libc_a-stdio.o)
                0x0800649c                __sread
 .text.__swrite
                0x080064be       0x38 C:/ST/STM32CubeIDE_1.16.0/STM32CubeIDE/plugins/com.st.stm32cube.ide.mcu.externaltools.gnu-tools-for-stm32.12.3.rel1.win32_1.0.200.202406191623/tools/bin/../lib/gcc/arm-none-eabi/12.3.1/../../../../arm-none-eabi/lib/thumb/v7e-m+fp/hard\libc_nano.a(libc_a-stdio.o)
                0x080064be                __swrite
 .text.__sseek  0x080064f6       0x24 C:/ST/STM32CubeIDE_1.16.0/STM32CubeIDE/plugins/com.st.stm32cube.ide.mcu.externaltools.gnu-tools-for-stm32.12.3.rel1.win32_1.0.200.202406191623/tools/bin/../lib/gcc/arm-none-eabi/12.3.1/../../../../arm-none-eabi/lib/thumb/v7e-m+fp/hard\libc_nano.a(libc_a-stdio.o)
                0x080064f6                __sseek
 .text.__sclose
                0x0800651a        0x8 C:/ST/STM32CubeIDE_1.16.0/STM32CubeIDE/plugins/com.st.stm32cube.ide.mcu.externaltools.gnu-tools-for-stm32.12.3.rel1.win32_1.0.200.202406191623/tools/bin/../lib/gcc/arm-none-eabi/12.3.1/../../../../arm-none-eabi/lib/thumb/v7e-m+fp/hard\libc_nano.a(libc_a-stdio.o)
                0x0800651a                __sclose
 .text.memset   0x08006522       0x10 C:/ST/STM32CubeIDE_1.16.0/STM32CubeIDE/plugins/com.st.stm32cube.ide.mcu.externaltools.gnu-tools-for-stm32.12.3.rel1.win32_1.0.200.202406191623/tools/bin/../lib/gcc/arm-none-eabi/12.3.1/../../../../arm-none-eabi/lib/thumb/v7e-m+fp/hard\libc_nano.a(libc_a-memset.o)
                0x08006522                memset
 *fill*         0x08006532        0x2 
 .text._close_r
                0x08006534       0x20 C:/ST/STM32CubeIDE_1.16.0/STM32CubeIDE/plugins/com.st.stm32cube.ide.mcu.externaltools.gnu-tools-for-stm32.12.3.rel1.win32_1.0.200.202406191623/tools/bin/../lib/gcc/arm-none-eabi/12.3.1/../../../../arm-none-eabi/lib/thumb/v7e-m+fp/hard\libc_nano.a(libc_a-closer.o)
                0x08006534                _close_r
 .text._lseek_r
                0x08006554       0x24 C:/ST/STM32CubeIDE_1.16.0/STM32CubeIDE/plugins/com.st.stm32cube.ide.mcu.externaltools.gnu-tools-for-stm32.12.3.rel1.win32_1.0.200.202406191623/tools/bin/../lib/gcc/arm-none-eabi/12.3.1/../../../../arm-none-eabi/lib/thumb/v7e-m+fp/hard\libc_nano.a(libc_a-lseekr.o)
                0x08006554                _lseek_r
 .text._read_r  0x08006578       0x24 C:/ST/STM32CubeIDE_1.16.0/STM32CubeIDE/plugins/com.st.stm32cube.ide.mcu.externaltools.gnu-tools-for-stm32.12.3.rel1.win32_1.0.200.202406191623/tools/bin/../lib/gcc/arm-none-eabi/12.3.1/../../../../arm-none-eabi/lib/thumb/v7e-m+fp/hard\libc_nano.a(libc_a-readr.o)
                0x08006578                _read_r
 .text._write_r
                0x0800659c       0x24 C:/ST/STM32CubeIDE_1.16.0/STM32CubeIDE/plugins/com.st.stm32cube.ide.mcu.externaltools.gnu-tools-for-stm32.12.3.rel1.win32_1.0.200.202406191623/tools/bin/../lib/gcc/arm-none-eabi/12.3.1/../../../../arm-none-eabi/lib/thumb/v7e-m+fp/hard\libc_nano.a(libc_a-writer.o)
                0x0800659c                _write_r
 .text.__errno  0x080065c0        0xc C:/ST/STM32CubeIDE_1.16.0/STM32CubeIDE/plugins/com.st.stm32cube.ide.mcu.externaltools.gnu-tools-for-stm32.12.3.rel1.win32_1.0.200.202406191623/tools/bin/../lib/gcc/arm-none-eabi/12.3.1/../../../../arm-none-eabi/lib/thumb/v7e-m+fp/hard\libc_nano.a(libc_a-errno.o)
                0x080065c0                __errno
 .text.__libc_init_array
                0x080065cc       0x48 C:/ST/STM32CubeIDE_1.16.0/STM32CubeIDE/plugins/com.st.stm32cube.ide.mcu.externaltools.gnu-tools-for-stm32.12.3.rel1.win32_1.0.200.202406191623/tools/bin/../lib/gcc/arm-none-eabi/12.3.1/../../../../arm-none-eabi/lib/thumb/v7e-m+fp/hard\libc_nano.a(libc_a-init.o)
                0x080065cc                __libc_init_array
 .text.__retarget_lock_init_recursive
                0x08006614        0x2 C:/ST/STM32CubeIDE_1.16.0/STM32CubeIDE/plugins/com.st.stm32cube.ide.mcu.externaltools.gnu-tools-for-stm32.12.3.rel1.win32_1.0.200.202406191623/tools/bin/../lib/gcc/arm-none-eabi/12.3.1/../../../../arm-none-eabi/lib/thumb/v7e-m+fp/hard\libc_nano.a(libc_a-lock.o)
                0x08006614                __retarget_lock_init_recursive
 .text.__retarget_lock_acquire_recursive
                0x08006616        0x2 C:/ST/STM32CubeIDE_1.16.0/STM32CubeIDE/plugins/com.st.stm32cube.ide.mcu.externaltools.gnu-tools-for-stm32.12.3.rel1.win32_1.0.200.202406191623/tools/bin/../lib/gcc/arm-none-eabi/12.3.1/../../../../arm-none-eabi/lib/thumb/v7e-m+fp/hard\libc_nano.a(libc_a-lock.o)
                0x08006616                __retarget_lock_acquire_recursive
 .text.__retarget_lock_release_recursive
                0x08006618        0x2 C:/ST/STM32CubeIDE_1.16.0/STM32CubeIDE/plugins/com.st.stm32cube.ide.mcu.externaltools.gnu-tools-for-stm32.12.3.rel1.win32_1.0.200.202406191623/tools/bin/../lib/gcc/arm-none-eabi/12.3.1/../../../../arm-none-eabi/lib/thumb/v7e-m+fp/hard\libc_nano.a(libc_a-lock.o)
                0x08006618                __retarget_lock_release_recursive
 *fill*         0x0800661a        0x2 
 .text._free_r  0x0800661c       0x94 C:/ST/STM32CubeIDE_1.16.0/STM32CubeIDE/plugins/com.st.stm32cube.ide.mcu.externaltools.gnu-tools-for-stm32.12.3.rel1.win32_1.0.200.202406191623/tools/bin/../lib/gcc/arm-none-eabi/12.3.1/../../../../arm-none-eabi/lib/thumb/v7e-m+fp/hard\libc_nano.a(libc_a-freer.o)
                0x0800661c                _free_r
 .text.__malloc_lock
                0x080066b0        0xc C:/ST/STM32CubeIDE_1.16.0/STM32CubeIDE/plugins/com.st.stm32cube.ide.mcu.externaltools.gnu-tools-for-stm32.12.3.rel1.win32_1.0.200.202406191623/tools/bin/../lib/gcc/arm-none-eabi/12.3.1/../../../../arm-none-eabi/lib/thumb/v7e-m+fp/hard\libc_nano.a(libc_a-mlock.o)
                0x080066b0                __malloc_lock
 .text.__malloc_unlock
                0x080066bc        0xc C:/ST/STM32CubeIDE_1.16.0/STM32CubeIDE/plugins/com.st.stm32cube.ide.mcu.externaltools.gnu-tools-for-stm32.12.3.rel1.win32_1.0.200.202406191623/tools/bin/../lib/gcc/arm-none-eabi/12.3.1/../../../../arm-none-eabi/lib/thumb/v7e-m+fp/hard\libc_nano.a(libc_a-mlock.o)
                0x080066bc                __malloc_unlock
 .text.__sflush_r
                0x080066c8      0x108 C:/ST/STM32CubeIDE_1.16.0/STM32CubeIDE/plugins/com.st.stm32cube.ide.mcu.externaltools.gnu-tools-for-stm32.12.3.rel1.win32_1.0.200.202406191623/tools/bin/../lib/gcc/arm-none-eabi/12.3.1/../../../../arm-none-eabi/lib/thumb/v7e-m+fp/hard\libc_nano.a(libc_a-fflush.o)
                0x080066c8                __sflush_r
 .text._fflush_r
                0x080067d0       0x50 C:/ST/STM32CubeIDE_1.16.0/STM32CubeIDE/plugins/com.st.stm32cube.ide.mcu.externaltools.gnu-tools-for-stm32.12.3.rel1.win32_1.0.200.202406191623/tools/bin/../lib/gcc/arm-none-eabi/12.3.1/../../../../arm-none-eabi/lib/thumb/v7e-m+fp/hard\libc_nano.a(libc_a-fflush.o)
                0x080067d0                _fflush_r
 *(.glue_7)
 .glue_7        0x08006820        0x0 linker stubs
 *(.glue_7t)
 .glue_7t       0x08006820        0x0 linker stubs
 *(.eh_frame)
 .eh_frame      0x08006820        0x0 C:/ST/STM32CubeIDE_1.16.0/STM32CubeIDE/plugins/com.st.stm32cube.ide.mcu.externaltools.gnu-tools-for-stm32.12.3.rel1.win32_1.0.200.202406191623/tools/bin/../lib/gcc/arm-none-eabi/12.3.1/thumb/v7e-m+fp/hard/crtbegin.o
 *(.init)
 .init          0x08006820        0x4 C:/ST/STM32CubeIDE_1.16.0/STM32CubeIDE/plugins/com.st.stm32cube.ide.mcu.externaltools.gnu-tools-for-stm32.12.3.rel1.win32_1.0.200.202406191623/tools/bin/../lib/gcc/arm-none-eabi/12.3.1/thumb/v7e-m+fp/hard/crti.o
                0x08006820                _init
 .init          0x08006824        0x8 C:/ST/STM32CubeIDE_1.16.0/STM32CubeIDE/plugins/com.st.stm32cube.ide.mcu.externaltools.gnu-tools-for-stm32.12.3.rel1.win32_1.0.200.202406191623/tools/bin/../lib/gcc/arm-none-eabi/12.3.1/thumb/v7e-m+fp/hard/crtn.o
 *(.fini)
 .fini          0x0800682c        0x4 C:/ST/STM32CubeIDE_1.16.0/STM32CubeIDE/plugins/com.st.stm32cube.ide.mcu.externaltools.gnu-tools-for-stm32.12.3.rel1.win32_1.0.200.202406191623/tools/bin/../lib/gcc/arm-none-eabi/12.3.1/thumb/v7e-m+fp/hard/crti.o
                0x0800682c                _fini
 .fini          0x08006830        0x8 C:/ST/STM32CubeIDE_1.16.0/STM32CubeIDE/plugins/com.st.stm32cube.ide.mcu.externaltools.gnu-tools-for-stm32.12.3.rel1.win32_1.0.200.202406191623/tools/bin/../lib/gcc/arm-none-eabi/12.3.1/thumb/v7e-m+fp/hard/crtn.o
                0x08006838                        . = ALIGN (0x4)
                0x08006838                        _etext = .

.vfp11_veneer   0x08006838        0x0
 .vfp11_veneer  0x08006838        0x0 linker stubs

.v4_bx          0x08006838        0x0
 .v4_bx         0x08006838        0x0 linker stubs

.iplt           0x08006838        0x0
 .iplt          0x08006838        0x0 C:/ST/STM32CubeIDE_1.16.0/STM32CubeIDE/plugins/com.st.stm32cube.ide.mcu.externaltools.gnu-tools-for-stm32.12.3.rel1.win32_1.0.200.202406191623/tools/bin/../lib/gcc/arm-none-eabi/12.3.1/thumb/v7e-m+fp/hard/crtbegin.o

.rodata         0x08006838     0x1258
                0x08006838                        . = ALIGN (0x4)
 *(.rodata)
 .rodata        0x08006838        0xd ./Core/Src/Tetris_Driver.o
 *(.rodata*)
 *fill*         0x08006845        0x3 
 .rodata.allColors
                0x08006848        0xe ./Core/Src/Tetris_Driver.o
                0x08006848                allColors
 *fill*         0x08006856        0x2 
 .rodata.allHeights
                0x08006858        0x7 ./Core/Src/Tetris_Driver.o
                0x08006858                allHeights
 *fill*         0x0800685f        0x1 
 .rodata.designator
                0x08006860        0x7 ./Core/Src/Tetris_Driver.o
                0x08006860                designator
 *fill*         0x08006867        0x1 
 .rodata.ASCII16x24_Table
                0x08006868     0x11d0 ./Core/Src/fonts.o
                0x08006868                ASCII16x24_Table
 .rodata.AHBPrescTable
                0x08007a38       0x10 ./Core/Src/system_stm32f4xx.o
                0x08007a38                AHBPrescTable
 .rodata.APBPrescTable
                0x08007a48        0x8 ./Core/Src/system_stm32f4xx.o
                0x08007a48                APBPrescTable
 .rodata._get_semihosting_exts.str1.1
                0x08007a50       0x16 C:/ST/STM32CubeIDE_1.16.0/STM32CubeIDE/plugins/com.st.stm32cube.ide.mcu.externaltools.gnu-tools-for-stm32.12.3.rel1.win32_1.0.200.202406191623/tools/bin/../lib/gcc/arm-none-eabi/12.3.1/../../../../arm-none-eabi/lib/thumb/v7e-m+fp/hard\librdimon_nano.a(arm_librdimon_a-syscalls.o)
 .rodata.initialise_monitor_handles.str1.1
                0x08007a66        0x4 C:/ST/STM32CubeIDE_1.16.0/STM32CubeIDE/plugins/com.st.stm32cube.ide.mcu.externaltools.gnu-tools-for-stm32.12.3.rel1.win32_1.0.200.202406191623/tools/bin/../lib/gcc/arm-none-eabi/12.3.1/../../../../arm-none-eabi/lib/thumb/v7e-m+fp/hard\librdimon_nano.a(arm_librdimon_a-syscalls.o)
 .rodata.__utoa.str1.1
                0x08007a6a       0x25 C:/ST/STM32CubeIDE_1.16.0/STM32CubeIDE/plugins/com.st.stm32cube.ide.mcu.externaltools.gnu-tools-for-stm32.12.3.rel1.win32_1.0.200.202406191623/tools/bin/../lib/gcc/arm-none-eabi/12.3.1/../../../../arm-none-eabi/lib/thumb/v7e-m+fp/hard\libc_nano.a(libc_a-utoa.o)
                0x08007a90                        . = ALIGN (0x4)
 *fill*         0x08007a8f        0x1 

.ARM.extab      0x08007a90        0x0
                0x08007a90                        . = ALIGN (0x4)
 *(.ARM.extab* .gnu.linkonce.armextab.*)
                0x08007a90                        . = ALIGN (0x4)

.ARM            0x08007a90        0x8
                0x08007a90                        . = ALIGN (0x4)
                0x08007a90                        __exidx_start = .
 *(.ARM.exidx*)
 .ARM.exidx     0x08007a90        0x8 C:/ST/STM32CubeIDE_1.16.0/STM32CubeIDE/plugins/com.st.stm32cube.ide.mcu.externaltools.gnu-tools-for-stm32.12.3.rel1.win32_1.0.200.202406191623/tools/bin/../lib/gcc/arm-none-eabi/12.3.1/../../../../arm-none-eabi/lib/thumb/v7e-m+fp/hard\libc_nano.a(libc_a-strlen.o)
 .ARM.exidx     0x08007a98        0x0 C:/ST/STM32CubeIDE_1.16.0/STM32CubeIDE/plugins/com.st.stm32cube.ide.mcu.externaltools.gnu-tools-for-stm32.12.3.rel1.win32_1.0.200.202406191623/tools/bin/../lib/gcc/arm-none-eabi/12.3.1/thumb/v7e-m+fp/hard\libgcc.a(_udivmoddi4.o)
                                  0x8 (size before relaxing)
                0x08007a98                        __exidx_end = .
                0x08007a98                        . = ALIGN (0x4)

.preinit_array  0x08007a98        0x0
                0x08007a98                        . = ALIGN (0x4)
                0x08007a98                        PROVIDE (__preinit_array_start = .)
 *(.preinit_array*)
                0x08007a98                        PROVIDE (__preinit_array_end = .)
                0x08007a98                        . = ALIGN (0x4)

.init_array     0x08007a98        0x4
                0x08007a98                        . = ALIGN (0x4)
                0x08007a98                        PROVIDE (__init_array_start = .)
 *(SORT_BY_NAME(.init_array.*))
 *(.init_array*)
 .init_array    0x08007a98        0x4 C:/ST/STM32CubeIDE_1.16.0/STM32CubeIDE/plugins/com.st.stm32cube.ide.mcu.externaltools.gnu-tools-for-stm32.12.3.rel1.win32_1.0.200.202406191623/tools/bin/../lib/gcc/arm-none-eabi/12.3.1/thumb/v7e-m+fp/hard/crtbegin.o
                0x08007a9c                        PROVIDE (__init_array_end = .)
                0x08007a9c                        . = ALIGN (0x4)

.fini_array     0x08007a9c        0x4
                0x08007a9c                        . = ALIGN (0x4)
                [!provide]                        PROVIDE (__fini_array_start = .)
 *(SORT_BY_NAME(.fini_array.*))
 *(.fini_array*)
 .fini_array    0x08007a9c        0x4 C:/ST/STM32CubeIDE_1.16.0/STM32CubeIDE/plugins/com.st.stm32cube.ide.mcu.externaltools.gnu-tools-for-stm32.12.3.rel1.win32_1.0.200.202406191623/tools/bin/../lib/gcc/arm-none-eabi/12.3.1/thumb/v7e-m+fp/hard/crtbegin.o
                [!provide]                        PROVIDE (__fini_array_end = .)
                0x08007aa0                        . = ALIGN (0x4)
                0x08007aa0                        _sidata = LOADADDR (.data)

.rel.dyn        0x08007aa0        0x0
 .rel.iplt      0x08007aa0        0x0 C:/ST/STM32CubeIDE_1.16.0/STM32CubeIDE/plugins/com.st.stm32cube.ide.mcu.externaltools.gnu-tools-for-stm32.12.3.rel1.win32_1.0.200.202406191623/tools/bin/../lib/gcc/arm-none-eabi/12.3.1/thumb/v7e-m+fp/hard/crtbegin.o

.data           0x20000000      0x1b4 load address 0x08007aa0
                0x20000000                        . = ALIGN (0x4)
                0x20000000                        _sdata = .
 *(.data)
 *(.data*)
 .data.CurrentTextColor
                0x20000000        0x2 ./Core/Src/LCD_Driver.o
 .data.gameRunning
                0x20000002        0x1 ./Core/Src/Tetris_Driver.o
 *fill*         0x20000003        0x1 
 .data.tetrisBoard
                0x20000004       0xa8 ./Core/Src/Tetris_Driver.o
 .data.L_Shape  0x200000ac       0x10 ./Core/Src/Tetris_Driver.o
                0x200000ac                L_Shape
 .data.O_Shape  0x200000bc       0x10 ./Core/Src/Tetris_Driver.o
                0x200000bc                O_Shape
 .data.I_Shape  0x200000cc       0x10 ./Core/Src/Tetris_Driver.o
                0x200000cc                I_Shape
 .data.J_Shape  0x200000dc       0x10 ./Core/Src/Tetris_Driver.o
                0x200000dc                J_Shape
 .data.T_Shape  0x200000ec       0x10 ./Core/Src/Tetris_Driver.o
                0x200000ec                T_Shape
 .data.S_Shape  0x200000fc       0x10 ./Core/Src/Tetris_Driver.o
                0x200000fc                S_Shape
 .data.Z_Shape  0x2000010c       0x10 ./Core/Src/Tetris_Driver.o
                0x2000010c                Z_Shape
 .data.tetrisShapes
                0x2000011c       0x1c ./Core/Src/Tetris_Driver.o
                0x2000011c                tetrisShapes
 .data.Font16x24
                0x20000138        0x8 ./Core/Src/fonts.o
                0x20000138                Font16x24
 .data.SpiTimeout
                0x20000140        0x4 ./Core/Src/ili9341.o
                0x20000140                SpiTimeout
 .data.SystemCoreClock
                0x20000144        0x4 ./Core/Src/system_stm32f4xx.o
                0x20000144                SystemCoreClock
 .data.uwTickPrio
                0x20000148        0x4 ./Drivers/STM32F4xx_HAL_Driver/Src/stm32f4xx_hal.o
                0x20000148                uwTickPrio
 .data.uwTickFreq
                0x2000014c        0x1 ./Drivers/STM32F4xx_HAL_Driver/Src/stm32f4xx_hal.o
                0x2000014c                uwTickFreq
 *fill*         0x2000014d        0x3 
 .data.supports_ext_stdout_stderr
                0x20000150        0x4 C:/ST/STM32CubeIDE_1.16.0/STM32CubeIDE/plugins/com.st.stm32cube.ide.mcu.externaltools.gnu-tools-for-stm32.12.3.rel1.win32_1.0.200.202406191623/tools/bin/../lib/gcc/arm-none-eabi/12.3.1/../../../../arm-none-eabi/lib/thumb/v7e-m+fp/hard\librdimon_nano.a(arm_librdimon_a-syscalls.o)
 .data.supports_ext_exit_extended
                0x20000154        0x4 C:/ST/STM32CubeIDE_1.16.0/STM32CubeIDE/plugins/com.st.stm32cube.ide.mcu.externaltools.gnu-tools-for-stm32.12.3.rel1.win32_1.0.200.202406191623/tools/bin/../lib/gcc/arm-none-eabi/12.3.1/../../../../arm-none-eabi/lib/thumb/v7e-m+fp/hard\librdimon_nano.a(arm_librdimon_a-syscalls.o)
 .data.__sglue  0x20000158        0xc C:/ST/STM32CubeIDE_1.16.0/STM32CubeIDE/plugins/com.st.stm32cube.ide.mcu.externaltools.gnu-tools-for-stm32.12.3.rel1.win32_1.0.200.202406191623/tools/bin/../lib/gcc/arm-none-eabi/12.3.1/../../../../arm-none-eabi/lib/thumb/v7e-m+fp/hard\libc_nano.a(libc_a-findfp.o)
                0x20000158                __sglue
 .data._impure_ptr
                0x20000164        0x4 C:/ST/STM32CubeIDE_1.16.0/STM32CubeIDE/plugins/com.st.stm32cube.ide.mcu.externaltools.gnu-tools-for-stm32.12.3.rel1.win32_1.0.200.202406191623/tools/bin/../lib/gcc/arm-none-eabi/12.3.1/../../../../arm-none-eabi/lib/thumb/v7e-m+fp/hard\libc_nano.a(libc_a-impure.o)
                0x20000164                _impure_ptr
 .data._impure_data
                0x20000168       0x4c C:/ST/STM32CubeIDE_1.16.0/STM32CubeIDE/plugins/com.st.stm32cube.ide.mcu.externaltools.gnu-tools-for-stm32.12.3.rel1.win32_1.0.200.202406191623/tools/bin/../lib/gcc/arm-none-eabi/12.3.1/../../../../arm-none-eabi/lib/thumb/v7e-m+fp/hard\libc_nano.a(libc_a-impure.o)
                0x20000168                _impure_data
 *(.RamFunc)
 *(.RamFunc*)
                0x200001b4                        . = ALIGN (0x4)
                0x200001b4                        _edata = .
                0x08007c54                        _siccmram = LOADADDR (.ccmram)

.igot.plt       0x200001b4        0x0 load address 0x08007c54
 .igot.plt      0x200001b4        0x0 C:/ST/STM32CubeIDE_1.16.0/STM32CubeIDE/plugins/com.st.stm32cube.ide.mcu.externaltools.gnu-tools-for-stm32.12.3.rel1.win32_1.0.200.202406191623/tools/bin/../lib/gcc/arm-none-eabi/12.3.1/thumb/v7e-m+fp/hard/crtbegin.o

.ccmram         0x10000000        0x0 load address 0x08007c54
                0x10000000                        . = ALIGN (0x4)
                0x10000000                        _sccmram = .
 *(.ccmram)
 *(.ccmram*)
                0x10000000                        . = ALIGN (0x4)
                0x10000000                        _eccmram = .
                0x10000000                        . = ALIGN (0x4)

.bss            0x200001b4    0x25bf4
                0x200001b4                        _sbss = .
                0x200001b4                        __bss_start__ = _sbss
 *(.bss)
 .bss           0x200001b4       0x1c C:/ST/STM32CubeIDE_1.16.0/STM32CubeIDE/plugins/com.st.stm32cube.ide.mcu.externaltools.gnu-tools-for-stm32.12.3.rel1.win32_1.0.200.202406191623/tools/bin/../lib/gcc/arm-none-eabi/12.3.1/thumb/v7e-m+fp/hard/crtbegin.o
 *(.bss*)
 .bss.StaticTouchData
                0x200001d0        0x8 ./Core/Src/ApplicationCode.o
 .bss.hltdc     0x200001d8       0xa8 ./Core/Src/LCD_Driver.o
 .bss.PeriphClkInitStruct
                0x20000280       0x30 ./Core/Src/LCD_Driver.o
 .bss.LCD_Currentfonts
                0x200002b0        0x4 ./Core/Src/LCD_Driver.o
 .bss.frameBuffer
                0x200002b4    0x25800 ./Core/Src/LCD_Driver.o
                0x200002b4                frameBuffer
 .bss.random    0x20025ab4       0x10 ./Core/Src/RNG_Handler.o
 .bss.statusRNG
                0x20025ac4        0x1 ./Core/Src/RNG_Handler.o
                0x20025ac4                statusRNG
 *fill*         0x20025ac5        0x3 
 .bss.scheduledEvents
                0x20025ac8        0x4 ./Core/Src/Scheduler.o
 .bss.currentBlock
                0x20025acc       0x1c ./Core/Src/Tetris_Driver.o
 .bss.StaticTouchData
                0x20025ae8        0x8 ./Core/Src/Tetris_Driver.o
 .bss.startTime
                0x20025af0        0x4 ./Core/Src/Tetris_Driver.o
 .bss.endTime   0x20025af4        0x4 ./Core/Src/Tetris_Driver.o
 .bss.elapsedTime
                0x20025af8        0x4 ./Core/Src/Tetris_Driver.o
 .bss.SpiHandle
                0x20025afc       0x58 ./Core/Src/ili9341.o
 .bss.Is_LCD_IO_Initialized
                0x20025b54        0x1 ./Core/Src/ili9341.o
 *fill*         0x20025b55        0x3 
 .bss.hI2C3     0x20025b58       0x54 ./Core/Src/stmpe811.o
 .bss.HAL_status
                0x20025bac        0x1 ./Core/Src/stmpe811.o
 *fill*         0x20025bad        0x3 
 .bss.uwTick    0x20025bb0        0x4 ./Drivers/STM32F4xx_HAL_Driver/Src/stm32f4xx_hal.o
                0x20025bb0                uwTick
 .bss.monitor_stderr
                0x20025bb4        0x4 C:/ST/STM32CubeIDE_1.16.0/STM32CubeIDE/plugins/com.st.stm32cube.ide.mcu.externaltools.gnu-tools-for-stm32.12.3.rel1.win32_1.0.200.202406191623/tools/bin/../lib/gcc/arm-none-eabi/12.3.1/../../../../arm-none-eabi/lib/thumb/v7e-m+fp/hard\librdimon_nano.a(arm_librdimon_a-syscalls.o)
 .bss.monitor_stdout
                0x20025bb8        0x4 C:/ST/STM32CubeIDE_1.16.0/STM32CubeIDE/plugins/com.st.stm32cube.ide.mcu.externaltools.gnu-tools-for-stm32.12.3.rel1.win32_1.0.200.202406191623/tools/bin/../lib/gcc/arm-none-eabi/12.3.1/../../../../arm-none-eabi/lib/thumb/v7e-m+fp/hard\librdimon_nano.a(arm_librdimon_a-syscalls.o)
 .bss.monitor_stdin
                0x20025bbc        0x4 C:/ST/STM32CubeIDE_1.16.0/STM32CubeIDE/plugins/com.st.stm32cube.ide.mcu.externaltools.gnu-tools-for-stm32.12.3.rel1.win32_1.0.200.202406191623/tools/bin/../lib/gcc/arm-none-eabi/12.3.1/../../../../arm-none-eabi/lib/thumb/v7e-m+fp/hard\librdimon_nano.a(arm_librdimon_a-syscalls.o)
 .bss.openfiles
                0x20025bc0       0xa0 C:/ST/STM32CubeIDE_1.16.0/STM32CubeIDE/plugins/com.st.stm32cube.ide.mcu.externaltools.gnu-tools-for-stm32.12.3.rel1.win32_1.0.200.202406191623/tools/bin/../lib/gcc/arm-none-eabi/12.3.1/../../../../arm-none-eabi/lib/thumb/v7e-m+fp/hard\librdimon_nano.a(arm_librdimon_a-syscalls.o)
 .bss.__sf      0x20025c60      0x138 C:/ST/STM32CubeIDE_1.16.0/STM32CubeIDE/plugins/com.st.stm32cube.ide.mcu.externaltools.gnu-tools-for-stm32.12.3.rel1.win32_1.0.200.202406191623/tools/bin/../lib/gcc/arm-none-eabi/12.3.1/../../../../arm-none-eabi/lib/thumb/v7e-m+fp/hard\libc_nano.a(libc_a-findfp.o)
                0x20025c60                __sf
 .bss.__stdio_exit_handler
                0x20025d98        0x4 C:/ST/STM32CubeIDE_1.16.0/STM32CubeIDE/plugins/com.st.stm32cube.ide.mcu.externaltools.gnu-tools-for-stm32.12.3.rel1.win32_1.0.200.202406191623/tools/bin/../lib/gcc/arm-none-eabi/12.3.1/../../../../arm-none-eabi/lib/thumb/v7e-m+fp/hard\libc_nano.a(libc_a-findfp.o)
                0x20025d98                __stdio_exit_handler
 .bss.errno     0x20025d9c        0x4 C:/ST/STM32CubeIDE_1.16.0/STM32CubeIDE/plugins/com.st.stm32cube.ide.mcu.externaltools.gnu-tools-for-stm32.12.3.rel1.win32_1.0.200.202406191623/tools/bin/../lib/gcc/arm-none-eabi/12.3.1/../../../../arm-none-eabi/lib/thumb/v7e-m+fp/hard\libc_nano.a(libc_a-reent.o)
                0x20025d9c                errno
 .bss.__lock___malloc_recursive_mutex
                0x20025da0        0x1 C:/ST/STM32CubeIDE_1.16.0/STM32CubeIDE/plugins/com.st.stm32cube.ide.mcu.externaltools.gnu-tools-for-stm32.12.3.rel1.win32_1.0.200.202406191623/tools/bin/../lib/gcc/arm-none-eabi/12.3.1/../../../../arm-none-eabi/lib/thumb/v7e-m+fp/hard\libc_nano.a(libc_a-lock.o)
                0x20025da0                __lock___malloc_recursive_mutex
 .bss.__lock___sfp_recursive_mutex
                0x20025da1        0x1 C:/ST/STM32CubeIDE_1.16.0/STM32CubeIDE/plugins/com.st.stm32cube.ide.mcu.externaltools.gnu-tools-for-stm32.12.3.rel1.win32_1.0.200.202406191623/tools/bin/../lib/gcc/arm-none-eabi/12.3.1/../../../../arm-none-eabi/lib/thumb/v7e-m+fp/hard\libc_nano.a(libc_a-lock.o)
                0x20025da1                __lock___sfp_recursive_mutex
 *fill*         0x20025da2        0x2 
 .bss.__malloc_free_list
                0x20025da4        0x4 C:/ST/STM32CubeIDE_1.16.0/STM32CubeIDE/plugins/com.st.stm32cube.ide.mcu.externaltools.gnu-tools-for-stm32.12.3.rel1.win32_1.0.200.202406191623/tools/bin/../lib/gcc/arm-none-eabi/12.3.1/../../../../arm-none-eabi/lib/thumb/v7e-m+fp/hard\libc_nano.a(libc_a-mallocr.o)
                0x20025da4                __malloc_free_list
 *(COMMON)
                0x20025da8                        . = ALIGN (0x4)
                0x20025da8                        _ebss = .
                0x20025da8                        __bss_end__ = _ebss

._user_heap_stack
                0x20025da8      0x600
                0x20025da8                        . = ALIGN (0x8)
                0x20025da8                        PROVIDE (end = .)
                0x20025da8                        PROVIDE (_end = .)
                0x20025fa8                        . = (. + _Min_Heap_Size)
 *fill*         0x20025da8      0x200 
                0x200263a8                        . = (. + _Min_Stack_Size)
 *fill*         0x20025fa8      0x400 
                0x200263a8                        . = ALIGN (0x8)

/DISCARD/
 libc.a(*)
 libm.a(*)
 libgcc.a(*)

.ARM.attributes
                0x00000000       0x30
 *(.ARM.attributes)
 .ARM.attributes
                0x00000000       0x22 C:/ST/STM32CubeIDE_1.16.0/STM32CubeIDE/plugins/com.st.stm32cube.ide.mcu.externaltools.gnu-tools-for-stm32.12.3.rel1.win32_1.0.200.202406191623/tools/bin/../lib/gcc/arm-none-eabi/12.3.1/thumb/v7e-m+fp/hard/crti.o
 .ARM.attributes
                0x00000022       0x34 C:/ST/STM32CubeIDE_1.16.0/STM32CubeIDE/plugins/com.st.stm32cube.ide.mcu.externaltools.gnu-tools-for-stm32.12.3.rel1.win32_1.0.200.202406191623/tools/bin/../lib/gcc/arm-none-eabi/12.3.1/thumb/v7e-m+fp/hard/crtbegin.o
 .ARM.attributes
                0x00000056       0x34 ./Core/Src/ApplicationCode.o
 .ARM.attributes
                0x0000008a       0x34 ./Core/Src/Button_Driver.o
 .ARM.attributes
                0x000000be       0x34 ./Core/Src/LCD_Driver.o
 .ARM.attributes
                0x000000f2       0x34 ./Core/Src/RNG_Handler.o
 .ARM.attributes
                0x00000126       0x34 ./Core/Src/Scheduler.o
 .ARM.attributes
                0x0000015a       0x34 ./Core/Src/Tetris_Driver.o
 .ARM.attributes
                0x0000018e       0x34 ./Core/Src/fonts.o
 .ARM.attributes
                0x000001c2       0x34 ./Core/Src/ili9341.o
 .ARM.attributes
                0x000001f6       0x34 ./Core/Src/main.o
 .ARM.attributes
                0x0000022a       0x34 ./Core/Src/stm32f4xx_hal_msp.o
 .ARM.attributes
                0x0000025e       0x34 ./Core/Src/stm32f4xx_it.o
 .ARM.attributes
                0x00000292       0x34 ./Core/Src/stmpe811.o
 .ARM.attributes
                0x000002c6       0x34 ./Core/Src/system_stm32f4xx.o
 .ARM.attributes
                0x000002fa       0x21 ./Core/Startup/startup_stm32f429zitx.o
 .ARM.attributes
                0x0000031b       0x34 ./Drivers/STM32F4xx_HAL_Driver/Src/stm32f4xx_hal.o
 .ARM.attributes
                0x0000034f       0x34 ./Drivers/STM32F4xx_HAL_Driver/Src/stm32f4xx_hal_cortex.o
 .ARM.attributes
                0x00000383       0x34 ./Drivers/STM32F4xx_HAL_Driver/Src/stm32f4xx_hal_gpio.o
 .ARM.attributes
                0x000003b7       0x34 ./Drivers/STM32F4xx_HAL_Driver/Src/stm32f4xx_hal_i2c.o
 .ARM.attributes
                0x000003eb       0x34 ./Drivers/STM32F4xx_HAL_Driver/Src/stm32f4xx_hal_ltdc.o
 .ARM.attributes
                0x0000041f       0x34 ./Drivers/STM32F4xx_HAL_Driver/Src/stm32f4xx_hal_rcc.o
 .ARM.attributes
                0x00000453       0x34 ./Drivers/STM32F4xx_HAL_Driver/Src/stm32f4xx_hal_rcc_ex.o
 .ARM.attributes
                0x00000487       0x34 ./Drivers/STM32F4xx_HAL_Driver/Src/stm32f4xx_hal_rng.o
 .ARM.attributes
                0x000004bb       0x34 ./Drivers/STM32F4xx_HAL_Driver/Src/stm32f4xx_hal_spi.o
 .ARM.attributes
                0x000004ef       0x34 C:/ST/STM32CubeIDE_1.16.0/STM32CubeIDE/plugins/com.st.stm32cube.ide.mcu.externaltools.gnu-tools-for-stm32.12.3.rel1.win32_1.0.200.202406191623/tools/bin/../lib/gcc/arm-none-eabi/12.3.1/../../../../arm-none-eabi/lib/thumb/v7e-m+fp/hard\librdimon_nano.a(arm_librdimon_a-syscalls.o)
 .ARM.attributes
                0x00000523       0x34 C:/ST/STM32CubeIDE_1.16.0/STM32CubeIDE/plugins/com.st.stm32cube.ide.mcu.externaltools.gnu-tools-for-stm32.12.3.rel1.win32_1.0.200.202406191623/tools/bin/../lib/gcc/arm-none-eabi/12.3.1/../../../../arm-none-eabi/lib/thumb/v7e-m+fp/hard\libc_nano.a(libc_a-itoa.o)
 .ARM.attributes
                0x00000557       0x34 C:/ST/STM32CubeIDE_1.16.0/STM32CubeIDE/plugins/com.st.stm32cube.ide.mcu.externaltools.gnu-tools-for-stm32.12.3.rel1.win32_1.0.200.202406191623/tools/bin/../lib/gcc/arm-none-eabi/12.3.1/../../../../arm-none-eabi/lib/thumb/v7e-m+fp/hard\libc_nano.a(libc_a-utoa.o)
 .ARM.attributes
                0x0000058b       0x34 C:/ST/STM32CubeIDE_1.16.0/STM32CubeIDE/plugins/com.st.stm32cube.ide.mcu.externaltools.gnu-tools-for-stm32.12.3.rel1.win32_1.0.200.202406191623/tools/bin/../lib/gcc/arm-none-eabi/12.3.1/../../../../arm-none-eabi/lib/thumb/v7e-m+fp/hard\libc_nano.a(libc_a-findfp.o)
 .ARM.attributes
                0x000005bf       0x34 C:/ST/STM32CubeIDE_1.16.0/STM32CubeIDE/plugins/com.st.stm32cube.ide.mcu.externaltools.gnu-tools-for-stm32.12.3.rel1.win32_1.0.200.202406191623/tools/bin/../lib/gcc/arm-none-eabi/12.3.1/../../../../arm-none-eabi/lib/thumb/v7e-m+fp/hard\libc_nano.a(libc_a-fwalk.o)
 .ARM.attributes
                0x000005f3       0x34 C:/ST/STM32CubeIDE_1.16.0/STM32CubeIDE/plugins/com.st.stm32cube.ide.mcu.externaltools.gnu-tools-for-stm32.12.3.rel1.win32_1.0.200.202406191623/tools/bin/../lib/gcc/arm-none-eabi/12.3.1/../../../../arm-none-eabi/lib/thumb/v7e-m+fp/hard\libc_nano.a(libc_a-stdio.o)
 .ARM.attributes
                0x00000627       0x34 C:/ST/STM32CubeIDE_1.16.0/STM32CubeIDE/plugins/com.st.stm32cube.ide.mcu.externaltools.gnu-tools-for-stm32.12.3.rel1.win32_1.0.200.202406191623/tools/bin/../lib/gcc/arm-none-eabi/12.3.1/../../../../arm-none-eabi/lib/thumb/v7e-m+fp/hard\libc_nano.a(libc_a-memset.o)
 .ARM.attributes
                0x0000065b       0x34 C:/ST/STM32CubeIDE_1.16.0/STM32CubeIDE/plugins/com.st.stm32cube.ide.mcu.externaltools.gnu-tools-for-stm32.12.3.rel1.win32_1.0.200.202406191623/tools/bin/../lib/gcc/arm-none-eabi/12.3.1/../../../../arm-none-eabi/lib/thumb/v7e-m+fp/hard\libc_nano.a(libc_a-closer.o)
 .ARM.attributes
                0x0000068f       0x34 C:/ST/STM32CubeIDE_1.16.0/STM32CubeIDE/plugins/com.st.stm32cube.ide.mcu.externaltools.gnu-tools-for-stm32.12.3.rel1.win32_1.0.200.202406191623/tools/bin/../lib/gcc/arm-none-eabi/12.3.1/../../../../arm-none-eabi/lib/thumb/v7e-m+fp/hard\libc_nano.a(libc_a-reent.o)
 .ARM.attributes
                0x000006c3       0x34 C:/ST/STM32CubeIDE_1.16.0/STM32CubeIDE/plugins/com.st.stm32cube.ide.mcu.externaltools.gnu-tools-for-stm32.12.3.rel1.win32_1.0.200.202406191623/tools/bin/../lib/gcc/arm-none-eabi/12.3.1/../../../../arm-none-eabi/lib/thumb/v7e-m+fp/hard\libc_nano.a(libc_a-impure.o)
 .ARM.attributes
                0x000006f7       0x34 C:/ST/STM32CubeIDE_1.16.0/STM32CubeIDE/plugins/com.st.stm32cube.ide.mcu.externaltools.gnu-tools-for-stm32.12.3.rel1.win32_1.0.200.202406191623/tools/bin/../lib/gcc/arm-none-eabi/12.3.1/../../../../arm-none-eabi/lib/thumb/v7e-m+fp/hard\libc_nano.a(libc_a-lseekr.o)
 .ARM.attributes
                0x0000072b       0x34 C:/ST/STM32CubeIDE_1.16.0/STM32CubeIDE/plugins/com.st.stm32cube.ide.mcu.externaltools.gnu-tools-for-stm32.12.3.rel1.win32_1.0.200.202406191623/tools/bin/../lib/gcc/arm-none-eabi/12.3.1/../../../../arm-none-eabi/lib/thumb/v7e-m+fp/hard\libc_nano.a(libc_a-readr.o)
 .ARM.attributes
                0x0000075f       0x34 C:/ST/STM32CubeIDE_1.16.0/STM32CubeIDE/plugins/com.st.stm32cube.ide.mcu.externaltools.gnu-tools-for-stm32.12.3.rel1.win32_1.0.200.202406191623/tools/bin/../lib/gcc/arm-none-eabi/12.3.1/../../../../arm-none-eabi/lib/thumb/v7e-m+fp/hard\libc_nano.a(libc_a-writer.o)
 .ARM.attributes
                0x00000793       0x34 C:/ST/STM32CubeIDE_1.16.0/STM32CubeIDE/plugins/com.st.stm32cube.ide.mcu.externaltools.gnu-tools-for-stm32.12.3.rel1.win32_1.0.200.202406191623/tools/bin/../lib/gcc/arm-none-eabi/12.3.1/../../../../arm-none-eabi/lib/thumb/v7e-m+fp/hard\libc_nano.a(libc_a-errno.o)
 .ARM.attributes
                0x000007c7       0x34 C:/ST/STM32CubeIDE_1.16.0/STM32CubeIDE/plugins/com.st.stm32cube.ide.mcu.externaltools.gnu-tools-for-stm32.12.3.rel1.win32_1.0.200.202406191623/tools/bin/../lib/gcc/arm-none-eabi/12.3.1/../../../../arm-none-eabi/lib/thumb/v7e-m+fp/hard\libc_nano.a(libc_a-init.o)
 .ARM.attributes
                0x000007fb       0x34 C:/ST/STM32CubeIDE_1.16.0/STM32CubeIDE/plugins/com.st.stm32cube.ide.mcu.externaltools.gnu-tools-for-stm32.12.3.rel1.win32_1.0.200.202406191623/tools/bin/../lib/gcc/arm-none-eabi/12.3.1/../../../../arm-none-eabi/lib/thumb/v7e-m+fp/hard\libc_nano.a(libc_a-lock.o)
 .ARM.attributes
                0x0000082f       0x17 C:/ST/STM32CubeIDE_1.16.0/STM32CubeIDE/plugins/com.st.stm32cube.ide.mcu.externaltools.gnu-tools-for-stm32.12.3.rel1.win32_1.0.200.202406191623/tools/bin/../lib/gcc/arm-none-eabi/12.3.1/../../../../arm-none-eabi/lib/thumb/v7e-m+fp/hard\libc_nano.a(libc_a-strlen.o)
 .ARM.attributes
                0x00000846       0x34 C:/ST/STM32CubeIDE_1.16.0/STM32CubeIDE/plugins/com.st.stm32cube.ide.mcu.externaltools.gnu-tools-for-stm32.12.3.rel1.win32_1.0.200.202406191623/tools/bin/../lib/gcc/arm-none-eabi/12.3.1/../../../../arm-none-eabi/lib/thumb/v7e-m+fp/hard\libc_nano.a(libc_a-freer.o)
 .ARM.attributes
                0x0000087a       0x34 C:/ST/STM32CubeIDE_1.16.0/STM32CubeIDE/plugins/com.st.stm32cube.ide.mcu.externaltools.gnu-tools-for-stm32.12.3.rel1.win32_1.0.200.202406191623/tools/bin/../lib/gcc/arm-none-eabi/12.3.1/../../../../arm-none-eabi/lib/thumb/v7e-m+fp/hard\libc_nano.a(libc_a-mallocr.o)
 .ARM.attributes
                0x000008ae       0x34 C:/ST/STM32CubeIDE_1.16.0/STM32CubeIDE/plugins/com.st.stm32cube.ide.mcu.externaltools.gnu-tools-for-stm32.12.3.rel1.win32_1.0.200.202406191623/tools/bin/../lib/gcc/arm-none-eabi/12.3.1/../../../../arm-none-eabi/lib/thumb/v7e-m+fp/hard\libc_nano.a(libc_a-mlock.o)
 .ARM.attributes
                0x000008e2       0x34 C:/ST/STM32CubeIDE_1.16.0/STM32CubeIDE/plugins/com.st.stm32cube.ide.mcu.externaltools.gnu-tools-for-stm32.12.3.rel1.win32_1.0.200.202406191623/tools/bin/../lib/gcc/arm-none-eabi/12.3.1/../../../../arm-none-eabi/lib/thumb/v7e-m+fp/hard\libc_nano.a(libc_a-fflush.o)
 .ARM.attributes
                0x00000916       0x22 C:/ST/STM32CubeIDE_1.16.0/STM32CubeIDE/plugins/com.st.stm32cube.ide.mcu.externaltools.gnu-tools-for-stm32.12.3.rel1.win32_1.0.200.202406191623/tools/bin/../lib/gcc/arm-none-eabi/12.3.1/thumb/v7e-m+fp/hard\libgcc.a(_aeabi_uldivmod.o)
 .ARM.attributes
                0x00000938       0x34 C:/ST/STM32CubeIDE_1.16.0/STM32CubeIDE/plugins/com.st.stm32cube.ide.mcu.externaltools.gnu-tools-for-stm32.12.3.rel1.win32_1.0.200.202406191623/tools/bin/../lib/gcc/arm-none-eabi/12.3.1/thumb/v7e-m+fp/hard\libgcc.a(_udivmoddi4.o)
 .ARM.attributes
                0x0000096c       0x22 C:/ST/STM32CubeIDE_1.16.0/STM32CubeIDE/plugins/com.st.stm32cube.ide.mcu.externaltools.gnu-tools-for-stm32.12.3.rel1.win32_1.0.200.202406191623/tools/bin/../lib/gcc/arm-none-eabi/12.3.1/thumb/v7e-m+fp/hard\libgcc.a(_dvmd_tls.o)
 .ARM.attributes
                0x0000098e       0x22 C:/ST/STM32CubeIDE_1.16.0/STM32CubeIDE/plugins/com.st.stm32cube.ide.mcu.externaltools.gnu-tools-for-stm32.12.3.rel1.win32_1.0.200.202406191623/tools/bin/../lib/gcc/arm-none-eabi/12.3.1/thumb/v7e-m+fp/hard/crtn.o
OUTPUT(STurnerLab6.elf elf32-littlearm)
LOAD linker stubs
LOAD C:/ST/STM32CubeIDE_1.16.0/STM32CubeIDE/plugins/com.st.stm32cube.ide.mcu.externaltools.gnu-tools-for-stm32.12.3.rel1.win32_1.0.200.202406191623/tools/bin/../lib/gcc/arm-none-eabi/12.3.1/../../../../arm-none-eabi/lib/thumb/v7e-m+fp/hard\libc.a
LOAD C:/ST/STM32CubeIDE_1.16.0/STM32CubeIDE/plugins/com.st.stm32cube.ide.mcu.externaltools.gnu-tools-for-stm32.12.3.rel1.win32_1.0.200.202406191623/tools/bin/../lib/gcc/arm-none-eabi/12.3.1/../../../../arm-none-eabi/lib/thumb/v7e-m+fp/hard\libm.a
LOAD C:/ST/STM32CubeIDE_1.16.0/STM32CubeIDE/plugins/com.st.stm32cube.ide.mcu.externaltools.gnu-tools-for-stm32.12.3.rel1.win32_1.0.200.202406191623/tools/bin/../lib/gcc/arm-none-eabi/12.3.1/thumb/v7e-m+fp/hard\libgcc.a

.debug_info     0x00000000     0xef79
 .debug_info    0x00000000      0x919 ./Core/Src/ApplicationCode.o
 .debug_info    0x00000919      0x881 ./Core/Src/Button_Driver.o
 .debug_info    0x0000119a     0x12d1 ./Core/Src/LCD_Driver.o
 .debug_info    0x0000246b      0x416 ./Core/Src/RNG_Handler.o
 .debug_info    0x00002881      0x105 ./Core/Src/Scheduler.o
 .debug_info    0x00002986      0xb9a ./Core/Src/Tetris_Driver.o
 .debug_info    0x00003520      0x145 ./Core/Src/fonts.o
 .debug_info    0x00003665      0xc85 ./Core/Src/ili9341.o
 .debug_info    0x000042ea      0x52c ./Core/Src/main.o
 .debug_info    0x00004816     0x17b6 ./Core/Src/stm32f4xx_hal_msp.o
 .debug_info    0x00005fcc      0x112 ./Core/Src/stm32f4xx_it.o
 .debug_info    0x000060de      0xdd8 ./Core/Src/stmpe811.o
 .debug_info    0x00006eb6      0x52e ./Core/Src/system_stm32f4xx.o
 .debug_info    0x000073e4       0x30 ./Core/Startup/startup_stm32f429zitx.o
 .debug_info    0x00007414      0x9ba ./Drivers/STM32F4xx_HAL_Driver/Src/stm32f4xx_hal.o
 .debug_info    0x00007dce      0xdc2 ./Drivers/STM32F4xx_HAL_Driver/Src/stm32f4xx_hal_cortex.o
 .debug_info    0x00008b90      0x6db ./Drivers/STM32F4xx_HAL_Driver/Src/stm32f4xx_hal_gpio.o
 .debug_info    0x0000926b     0x2421 ./Drivers/STM32F4xx_HAL_Driver/Src/stm32f4xx_hal_i2c.o
 .debug_info    0x0000b68c     0x1022 ./Drivers/STM32F4xx_HAL_Driver/Src/stm32f4xx_hal_ltdc.o
 .debug_info    0x0000c6ae      0x8c7 ./Drivers/STM32F4xx_HAL_Driver/Src/stm32f4xx_hal_rcc.o
 .debug_info    0x0000cf75      0x64c ./Drivers/STM32F4xx_HAL_Driver/Src/stm32f4xx_hal_rcc_ex.o
 .debug_info    0x0000d5c1      0x493 ./Drivers/STM32F4xx_HAL_Driver/Src/stm32f4xx_hal_rng.o
 .debug_info    0x0000da54     0x1525 ./Drivers/STM32F4xx_HAL_Driver/Src/stm32f4xx_hal_spi.o

.debug_abbrev   0x00000000     0x2d32
 .debug_abbrev  0x00000000      0x27e ./Core/Src/ApplicationCode.o
 .debug_abbrev  0x0000027e      0x1ef ./Core/Src/Button_Driver.o
 .debug_abbrev  0x0000046d      0x328 ./Core/Src/LCD_Driver.o
 .debug_abbrev  0x00000795      0x17f ./Core/Src/RNG_Handler.o
 .debug_abbrev  0x00000914       0xab ./Core/Src/Scheduler.o
 .debug_abbrev  0x000009bf      0x295 ./Core/Src/Tetris_Driver.o
 .debug_abbrev  0x00000c54       0xc6 ./Core/Src/fonts.o
 .debug_abbrev  0x00000d1a      0x2c9 ./Core/Src/ili9341.o
 .debug_abbrev  0x00000fe3      0x1ef ./Core/Src/main.o
 .debug_abbrev  0x000011d2      0x25c ./Core/Src/stm32f4xx_hal_msp.o
 .debug_abbrev  0x0000142e       0x73 ./Core/Src/stm32f4xx_it.o
 .debug_abbrev  0x000014a1      0x2c9 ./Core/Src/stmpe811.o
 .debug_abbrev  0x0000176a      0x11a ./Core/Src/system_stm32f4xx.o
 .debug_abbrev  0x00001884       0x24 ./Core/Startup/startup_stm32f429zitx.o
 .debug_abbrev  0x000018a8      0x214 ./Drivers/STM32F4xx_HAL_Driver/Src/stm32f4xx_hal.o
 .debug_abbrev  0x00001abc      0x31d ./Drivers/STM32F4xx_HAL_Driver/Src/stm32f4xx_hal_cortex.o
 .debug_abbrev  0x00001dd9      0x1d4 ./Drivers/STM32F4xx_HAL_Driver/Src/stm32f4xx_hal_gpio.o
 .debug_abbrev  0x00001fad      0x2ad ./Drivers/STM32F4xx_HAL_Driver/Src/stm32f4xx_hal_i2c.o
 .debug_abbrev  0x0000225a      0x233 ./Drivers/STM32F4xx_HAL_Driver/Src/stm32f4xx_hal_ltdc.o
 .debug_abbrev  0x0000248d      0x2b7 ./Drivers/STM32F4xx_HAL_Driver/Src/stm32f4xx_hal_rcc.o
 .debug_abbrev  0x00002744      0x1b0 ./Drivers/STM32F4xx_HAL_Driver/Src/stm32f4xx_hal_rcc_ex.o
 .debug_abbrev  0x000028f4      0x1c4 ./Drivers/STM32F4xx_HAL_Driver/Src/stm32f4xx_hal_rng.o
 .debug_abbrev  0x00002ab8      0x27a ./Drivers/STM32F4xx_HAL_Driver/Src/stm32f4xx_hal_spi.o

.debug_aranges  0x00000000      0xf50
 .debug_aranges
                0x00000000       0xd8 ./Core/Src/ApplicationCode.o
 .debug_aranges
                0x000000d8       0x38 ./Core/Src/Button_Driver.o
 .debug_aranges
                0x00000110       0xf8 ./Core/Src/LCD_Driver.o
 .debug_aranges
                0x00000208       0x28 ./Core/Src/RNG_Handler.o
 .debug_aranges
                0x00000230       0x30 ./Core/Src/Scheduler.o
 .debug_aranges
                0x00000260       0xa0 ./Core/Src/Tetris_Driver.o
 .debug_aranges
                0x00000300       0x18 ./Core/Src/fonts.o
 .debug_aranges
                0x00000318       0x98 ./Core/Src/ili9341.o
 .debug_aranges
                0x000003b0       0x38 ./Core/Src/main.o
 .debug_aranges
                0x000003e8       0x70 ./Core/Src/stm32f4xx_hal_msp.o
 .debug_aranges
                0x00000458       0x60 ./Core/Src/stm32f4xx_it.o
 .debug_aranges
                0x000004b8       0x88 ./Core/Src/stmpe811.o
 .debug_aranges
                0x00000540       0x28 ./Core/Src/system_stm32f4xx.o
 .debug_aranges
                0x00000568       0x28 ./Core/Startup/startup_stm32f429zitx.o
 .debug_aranges
                0x00000590      0x100 ./Drivers/STM32F4xx_HAL_Driver/Src/stm32f4xx_hal.o
 .debug_aranges
                0x00000690      0x130 ./Drivers/STM32F4xx_HAL_Driver/Src/stm32f4xx_hal_cortex.o
 .debug_aranges
                0x000007c0       0x58 ./Drivers/STM32F4xx_HAL_Driver/Src/stm32f4xx_hal_gpio.o
 .debug_aranges
                0x00000818      0x2a8 ./Drivers/STM32F4xx_HAL_Driver/Src/stm32f4xx_hal_i2c.o
 .debug_aranges
                0x00000ac0      0x158 ./Drivers/STM32F4xx_HAL_Driver/Src/stm32f4xx_hal_ltdc.o
 .debug_aranges
                0x00000c18       0x88 ./Drivers/STM32F4xx_HAL_Driver/Src/stm32f4xx_hal_rcc.o
 .debug_aranges
                0x00000ca0       0x58 ./Drivers/STM32F4xx_HAL_Driver/Src/stm32f4xx_hal_rcc_ex.o
 .debug_aranges
                0x00000cf8       0x88 ./Drivers/STM32F4xx_HAL_Driver/Src/stm32f4xx_hal_rng.o
 .debug_aranges
                0x00000d80      0x1d0 ./Drivers/STM32F4xx_HAL_Driver/Src/stm32f4xx_hal_spi.o

.debug_rnglists
                0x00000000      0xb9c
 .debug_rnglists
                0x00000000       0x9d ./Core/Src/ApplicationCode.o
 .debug_rnglists
                0x0000009d       0x25 ./Core/Src/Button_Driver.o
 .debug_rnglists
                0x000000c2       0xc2 ./Core/Src/LCD_Driver.o
 .debug_rnglists
                0x00000184       0x19 ./Core/Src/RNG_Handler.o
 .debug_rnglists
                0x0000019d       0x1f ./Core/Src/Scheduler.o
 .debug_rnglists
                0x000001bc       0x7f ./Core/Src/Tetris_Driver.o
 .debug_rnglists
                0x0000023b       0x6f ./Core/Src/ili9341.o
 .debug_rnglists
                0x000002aa       0x27 ./Core/Src/main.o
 .debug_rnglists
                0x000002d1       0x53 ./Core/Src/stm32f4xx_hal_msp.o
 .debug_rnglists
                0x00000324       0x43 ./Core/Src/stm32f4xx_it.o
 .debug_rnglists
                0x00000367       0x67 ./Core/Src/stmpe811.o
 .debug_rnglists
                0x000003ce       0x1a ./Core/Src/system_stm32f4xx.o
 .debug_rnglists
                0x000003e8       0x19 ./Core/Startup/startup_stm32f429zitx.o
 .debug_rnglists
                0x00000401       0xbb ./Drivers/STM32F4xx_HAL_Driver/Src/stm32f4xx_hal.o
 .debug_rnglists
                0x000004bc       0xe0 ./Drivers/STM32F4xx_HAL_Driver/Src/stm32f4xx_hal_cortex.o
 .debug_rnglists
                0x0000059c       0x3f ./Drivers/STM32F4xx_HAL_Driver/Src/stm32f4xx_hal_gpio.o
 .debug_rnglists
                0x000005db      0x23c ./Drivers/STM32F4xx_HAL_Driver/Src/stm32f4xx_hal_i2c.o
 .debug_rnglists
                0x00000817      0x10a ./Drivers/STM32F4xx_HAL_Driver/Src/stm32f4xx_hal_ltdc.o
 .debug_rnglists
                0x00000921       0x66 ./Drivers/STM32F4xx_HAL_Driver/Src/stm32f4xx_hal_rcc.o
 .debug_rnglists
                0x00000987       0x43 ./Drivers/STM32F4xx_HAL_Driver/Src/stm32f4xx_hal_rcc_ex.o
 .debug_rnglists
                0x000009ca       0x63 ./Drivers/STM32F4xx_HAL_Driver/Src/stm32f4xx_hal_rng.o
 .debug_rnglists
                0x00000a2d      0x16f ./Drivers/STM32F4xx_HAL_Driver/Src/stm32f4xx_hal_spi.o

.debug_macro    0x00000000    0x26862
 .debug_macro   0x00000000      0x3de ./Core/Src/ApplicationCode.o
 .debug_macro   0x000003de      0xab4 ./Core/Src/ApplicationCode.o
 .debug_macro   0x00000e92      0x2ad ./Core/Src/ApplicationCode.o
 .debug_macro   0x0000113f       0x2e ./Core/Src/ApplicationCode.o
 .debug_macro   0x0000116d       0x28 ./Core/Src/ApplicationCode.o
 .debug_macro   0x00001195       0x22 ./Core/Src/ApplicationCode.o
 .debug_macro   0x000011b7       0x8e ./Core/Src/ApplicationCode.o
 .debug_macro   0x00001245       0x51 ./Core/Src/ApplicationCode.o
 .debug_macro   0x00001296      0x103 ./Core/Src/ApplicationCode.o
 .debug_macro   0x00001399       0x6a ./Core/Src/ApplicationCode.o
 .debug_macro   0x00001403      0x1df ./Core/Src/ApplicationCode.o
 .debug_macro   0x000015e2       0x1c ./Core/Src/ApplicationCode.o
 .debug_macro   0x000015fe       0x22 ./Core/Src/ApplicationCode.o
 .debug_macro   0x00001620       0xfb ./Core/Src/ApplicationCode.o
 .debug_macro   0x0000171b     0x1011 ./Core/Src/ApplicationCode.o
 .debug_macro   0x0000272c      0x11f ./Core/Src/ApplicationCode.o
 .debug_macro   0x0000284b    0x17fd8 ./Core/Src/ApplicationCode.o
 .debug_macro   0x0001a823       0x6d ./Core/Src/ApplicationCode.o
 .debug_macro   0x0001a890     0x3711 ./Core/Src/ApplicationCode.o
 .debug_macro   0x0001dfa1      0x189 ./Core/Src/ApplicationCode.o
 .debug_macro   0x0001e12a       0x5c ./Core/Src/ApplicationCode.o
 .debug_macro   0x0001e186      0xcba ./Core/Src/ApplicationCode.o
 .debug_macro   0x0001ee40      0x9e9 ./Core/Src/ApplicationCode.o
 .debug_macro   0x0001f829      0x115 ./Core/Src/ApplicationCode.o
 .debug_macro   0x0001f93e      0x156 ./Core/Src/ApplicationCode.o
 .debug_macro   0x0001fa94       0xa5 ./Core/Src/ApplicationCode.o
 .debug_macro   0x0001fb39      0x182 ./Core/Src/ApplicationCode.o
 .debug_macro   0x0001fcbb      0x287 ./Core/Src/ApplicationCode.o
 .debug_macro   0x0001ff42       0x5f ./Core/Src/ApplicationCode.o
 .debug_macro   0x0001ffa1      0x236 ./Core/Src/ApplicationCode.o
 .debug_macro   0x000201d7      0x132 ./Core/Src/ApplicationCode.o
 .debug_macro   0x00020309      0x41d ./Core/Src/ApplicationCode.o
 .debug_macro   0x00020726       0x2e ./Core/Src/ApplicationCode.o
 .debug_macro   0x00020754      0x1b5 ./Core/Src/ApplicationCode.o
 .debug_macro   0x00020909       0x22 ./Core/Src/ApplicationCode.o
 .debug_macro   0x0002092b       0xd6 ./Core/Src/ApplicationCode.o
 .debug_macro   0x00020a01      0x198 ./Core/Src/ApplicationCode.o
 .debug_macro   0x00020b99       0xd6 ./Core/Src/ApplicationCode.o
 .debug_macro   0x00020c6f      0x127 ./Core/Src/ApplicationCode.o
 .debug_macro   0x00020d96       0xe2 ./Core/Src/ApplicationCode.o
 .debug_macro   0x00020e78       0x89 ./Core/Src/ApplicationCode.o
 .debug_macro   0x00020f01       0xa4 ./Core/Src/ApplicationCode.o
 .debug_macro   0x00020fa5      0x225 ./Core/Src/ApplicationCode.o
 .debug_macro   0x000211ca      0x8ed ./Core/Src/ApplicationCode.o
 .debug_macro   0x00021ab7       0x4d ./Core/Src/ApplicationCode.o
 .debug_macro   0x00021b04      0x134 ./Core/Src/ApplicationCode.o
 .debug_macro   0x00021c38       0x16 ./Core/Src/ApplicationCode.o
 .debug_macro   0x00021c4e       0x61 ./Core/Src/ApplicationCode.o
 .debug_macro   0x00021caf       0x2a ./Core/Src/ApplicationCode.o
 .debug_macro   0x00021cd9       0x43 ./Core/Src/ApplicationCode.o
 .debug_macro   0x00021d1c       0x34 ./Core/Src/ApplicationCode.o
 .debug_macro   0x00021d50       0x16 ./Core/Src/ApplicationCode.o
 .debug_macro   0x00021d66       0x35 ./Core/Src/ApplicationCode.o
 .debug_macro   0x00021d9b      0x369 ./Core/Src/ApplicationCode.o
 .debug_macro   0x00022104       0x10 ./Core/Src/ApplicationCode.o
 .debug_macro   0x00022114       0x16 ./Core/Src/ApplicationCode.o
 .debug_macro   0x0002212a       0x43 ./Core/Src/ApplicationCode.o
 .debug_macro   0x0002216d       0x34 ./Core/Src/ApplicationCode.o
 .debug_macro   0x000221a1       0x10 ./Core/Src/ApplicationCode.o
 .debug_macro   0x000221b1       0x58 ./Core/Src/ApplicationCode.o
 .debug_macro   0x00022209       0x8e ./Core/Src/ApplicationCode.o
 .debug_macro   0x00022297       0x1c ./Core/Src/ApplicationCode.o
 .debug_macro   0x000222b3      0x177 ./Core/Src/ApplicationCode.o
 .debug_macro   0x0002242a       0x16 ./Core/Src/ApplicationCode.o
 .debug_macro   0x00022440       0x16 ./Core/Src/ApplicationCode.o
 .debug_macro   0x00022456      0x146 ./Core/Src/ApplicationCode.o
 .debug_macro   0x0002259c       0x22 ./Core/Src/ApplicationCode.o
 .debug_macro   0x000225be       0x10 ./Core/Src/ApplicationCode.o
 .debug_macro   0x000225ce       0x22 ./Core/Src/ApplicationCode.o