../Drivers/CMSIS/Include/core_cm4.h:1684:22:__NVIC_EnableIRQ	16	static,ignoring_inline_asm
../Drivers/CMSIS/Include/core_cm4.h:1722:22:__NVIC_DisableIRQ	16	static,ignoring_inline_asm
../Core/Src/ApplicationCode.c:13:6:applicationInit	8	static
../Core/Src/ApplicationCode.c:32:6:greenLEDInit	8	static
../Core/Src/ApplicationCode.c:36:6:redLEDInit	8	static
../Core/Src/ApplicationCode.c:39:6:toggleGreenLED	8	static
../Core/Src/ApplicationCode.c:42:6:toggleRedLED	8	static
../Core/Src/ApplicationCode.c:45:6:activateGreenLED	8	static
../Core/Src/ApplicationCode.c:48:6:activateRedLED	8	static
../Core/Src/ApplicationCode.c:51:6:deactivateGreenLED	8	static
../Core/Src/ApplicationCode.c:54:6:deactivateRedLED	8	static
../Core/Src/ApplicationCode.c:75:6:buttonInterruptInit	8	static
../Core/Src/ApplicationCode.c:81:6:appDelay	32	static
../Core/Src/ApplicationCode.c:94:6:EXTI0_IRQHandler	8	static
../Core/Src/ApplicationCode.c:102:6:initializeGyro	8	static
../Core/Src/ApplicationCode.c:106:6:GetID	8	static
../Core/Src/ApplicationCode.c:110:6:GetTemp	8	static
../Core/Src/ApplicationCode.c:114:6:RegConfig	8	static
../Core/Src/ApplicationCode.c:118:6:GyroPower	8	static
../Core/Src/ApplicationCode.c:132:6:ApplicationInit	8	static
../Core/Src/ApplicationCode.c:155:6:LCD_Visual_Demo	8	static
../Core/Src/ApplicationCode.c:160:6:LCD_Main_Menu	8	static
../Core/Src/ApplicationCode.c:166:6:LCD_Touch_Polling_Demo	8	static
../Core/Src/ApplicationCode.c:182:6:initializeRNG	8	static
